******************************************************************************
                  TI ARM Linker PC v16.12.0                    
******************************************************************************
>> Linked Tue Jul  4 20:53:08 2017

OUTPUT FILE NAME:   <bwm_CC1310_LAUNCHXL_TI_1.0.out>
ENTRY POINT SYMBOL: "ResetISR"  address: 000073bd


MEMORY CONFIGURATION

         name            origin    length      used     unused   attr    fill
----------------------  --------  ---------  --------  --------  ----  --------
  FLASH                 00000000   00020000  00008a04  000175fc  R  X
  SRAM                  20000000   00005000  000028e5  0000271b  RW X


SEGMENT ALLOCATION MAP

run origin  load origin   length   init length attrs members
----------  ----------- ---------- ----------- ----- -------
00000000    00000000    00000d84   00000d84    r--
  00000000    00000000    0000003c   0000003c    r-- .resetVecs
  0000003c    0000003c    00000d48   00000d48    r-- .const
00001000    00001000    00007c38   00007c38    r-x
  00001000    00001000    0000003c   0000003c    r-- .const:ti_sysbios_knl_Task_Object__PARAMS__C
  0000103c    0000103c    00000034   00000034    r-- .const:ti_sysbios_knl_Mailbox_Object__PARAMS__C
  00001070    00001070    00000030   00000030    r-- .const:ti_sysbios_family_arm_m3_Hwi_Object__PARAMS__C
  000010a0    000010a0    0000002c   0000002c    r-- .const:ti_sysbios_hal_Hwi_Object__PARAMS__C
  000010cc    000010cc    00000028   00000028    r-- .const:ti_sysbios_heaps_HeapMem_Module__FXNS__C
  000010f4    000010f4    00000028   00000028    r-- .const:ti_sysbios_knl_Swi_Object__PARAMS__C
  0000111c    0000111c    00000024   00000024    r-- .const:ti_sysbios_gates_GateHwi_Module__FXNS__C
  00001140    00001140    00000024   00000024    r-- .const:ti_sysbios_gates_GateMutex_Module__FXNS__C
  00001164    00001164    00000024   00000024    r-- .const:ti_sysbios_heaps_HeapMem_Object__PARAMS__C
  00001188    00001188    00000024   00000024    r-- .const:ti_sysbios_knl_Clock_Object__PARAMS__C
  000011ac    000011ac    00000024   00000024    r-- .const:ti_sysbios_knl_Semaphore_Object__PARAMS__C
  000011d0    000011d0    00000020   00000020    r-- .const:ti_sysbios_family_arm_m3_Hwi_Object__DESC__C
  000011f0    000011f0    00000020   00000020    r-- .const:ti_sysbios_gates_GateHwi_Object__DESC__C
  00001210    00001210    00000020   00000020    r-- .const:ti_sysbios_gates_GateMutex_Object__DESC__C
  00001230    00001230    00000020   00000020    r-- .const:ti_sysbios_hal_Hwi_Object__DESC__C
  00001250    00001250    00000020   00000020    r-- .const:ti_sysbios_heaps_HeapMem_Object__DESC__C
  00001270    00001270    00000020   00000020    r-- .const:ti_sysbios_knl_Clock_Object__DESC__C
  00001290    00001290    00000020   00000020    r-- .const:ti_sysbios_knl_Mailbox_Object__DESC__C
  000012b0    000012b0    00000020   00000020    r-- .const:ti_sysbios_knl_Queue_Object__DESC__C
  000012d0    000012d0    00000020   00000020    r-- .const:ti_sysbios_knl_Semaphore_Object__DESC__C
  000012f0    000012f0    00000020   00000020    r-- .const:ti_sysbios_knl_Swi_Object__DESC__C
  00001310    00001310    00000020   00000020    r-- .const:ti_sysbios_knl_Task_Object__DESC__C
  00001330    00001330    00000018   00000018    r-- .const:ti_sysbios_gates_GateHwi_Object__PARAMS__C
  00001348    00001348    00000018   00000018    r-- .const:ti_sysbios_gates_GateMutex_Object__PARAMS__C
  00001360    00001360    00000018   00000018    r-- .const:ti_sysbios_knl_Queue_Object__PARAMS__C
  00001378    00001378    00000008   00000008    r-- .const:ti_sysbios_knl_Idle_funcList__C
  00001384    00001384    00000004   00000004    r-- .const:ti_sysbios_family_arm_cc26xx_Timer_startupNeeded__C
  00001388    00001388    00000004   00000004    r-- .const:ti_sysbios_family_arm_m3_Hwi_E_alreadyDefined__C
  0000138c    0000138c    00000004   00000004    r-- .const:ti_sysbios_family_arm_m3_Hwi_E_hwiLimitExceeded__C
  00001390    00001390    00000004   00000004    r-- .const:ti_sysbios_family_arm_m3_Hwi_NUM_INTERRUPTS__C
  00001394    00001394    00000004   00000004    r-- .const:ti_sysbios_family_arm_m3_Hwi_Object__count__C
  00001398    00001398    00000004   00000004    r-- .const:ti_sysbios_family_arm_m3_Hwi_Object__table__C
  0000139c    0000139c    00000004   00000004    r-- .const:ti_sysbios_family_arm_m3_Hwi_ccr__C
  000013a0    000013a0    00000004   00000004    r-- .const:ti_sysbios_family_arm_m3_Hwi_excHandlerFunc__C
  000013a4    000013a4    00000004   00000004    r-- .const:ti_sysbios_family_arm_m3_Hwi_nullIsrFunc__C
  000013a8    000013a8    00000004   00000004    r-- .const:ti_sysbios_family_arm_m3_Hwi_numSparseInterrupts__C
  000013ac    000013ac    00000004   00000004    r-- .const:ti_sysbios_family_arm_m3_Hwi_priGroup__C
  000013b0    000013b0    00000004   00000004    r-- .const:ti_sysbios_family_arm_m3_TaskSupport_stackAlignment__C
  000013b4    000013b4    00000004   00000004    r-- .const:ti_sysbios_heaps_HeapMem_E_memory__C
  000013b8    000013b8    00000004   00000004    r-- .const:ti_sysbios_heaps_HeapMem_Module__gateObj__C
  000013bc    000013bc    00000004   00000004    r-- .const:ti_sysbios_heaps_HeapMem_Object__count__C
  000013c0    000013c0    00000004   00000004    r-- .const:ti_sysbios_heaps_HeapMem_Object__table__C
  000013c4    000013c4    00000004   00000004    r-- .const:ti_sysbios_heaps_HeapMem_reqAlign__C
  000013c8    000013c8    00000004   00000004    r-- .const:ti_sysbios_knl_Clock_serviceMargin__C
  000013cc    000013cc    00000004   00000004    r-- .const:ti_sysbios_knl_Mailbox_Object__count__C
  000013d0    000013d0    00000004   00000004    r-- .const:ti_sysbios_knl_Mailbox_Object__table__C
  000013d4    000013d4    00000004   00000004    r-- .const:ti_sysbios_knl_Mailbox_maxTypeAlign__C
  000013d8    000013d8    00000004   00000004    r-- .const:ti_sysbios_knl_Queue_Object__count__C
  000013dc    000013dc    00000004   00000004    r-- .const:ti_sysbios_knl_Queue_Object__table__C
  000013e0    000013e0    00000004   00000004    r-- .const:ti_sysbios_knl_Swi_Object__count__C
  000013e4    000013e4    00000004   00000004    r-- .const:ti_sysbios_knl_Swi_Object__table__C
  000013e8    000013e8    00000004   00000004    r-- .const:ti_sysbios_knl_Swi_numPriorities__C
  000013ec    000013ec    00000004   00000004    r-- .const:ti_sysbios_knl_Task_Object__count__C
  000013f0    000013f0    00000004   00000004    r-- .const:ti_sysbios_knl_Task_Object__table__C
  000013f4    000013f4    00000004   00000004    r-- .const:ti_sysbios_knl_Task_allBlockedFunc__C
  000013f8    000013f8    00000004   00000004    r-- .const:ti_sysbios_knl_Task_defaultStackHeap__C
  000013fc    000013fc    00000004   00000004    r-- .const:ti_sysbios_knl_Task_defaultStackSize__C
  00001400    00001400    00000004   00000004    r-- .const:ti_sysbios_knl_Task_numConstructedTasks__C
  00001406    00001406    00000002   00000002    r-- .const:ti_sysbios_family_arm_cc26xx_Timer_Module__id__C
  00001408    00001408    00000002   00000002    r-- .const:ti_sysbios_family_arm_cc26xx_TimestampProvider_useClockTimer__C
  0000140a    0000140a    00000002   00000002    r-- .const:ti_sysbios_family_arm_m3_Hwi_Module__id__C
  0000140c    0000140c    00000002   00000002    r-- .const:ti_sysbios_gates_GateHwi_Module__id__C
  0000140e    0000140e    00000002   00000002    r-- .const:ti_sysbios_gates_GateMutex_Module__id__C
  00001410    00001410    00000002   00000002    r-- .const:ti_sysbios_heaps_HeapMem_Module__id__C
  00001412    00001412    00000002   00000002    r-- .const:ti_sysbios_knl_Task_initStackFlag__C
  00001414    00001414    00000001   00000001    r-- .const:ti_sysbios_knl_Clock_tickMode__C
  00001418    00001418    00000008   00000008    r-- .const:xdc_runtime_Startup_firstFxns__C
  00001420    00001420    00000008   00000008    r-- .const:xdc_runtime_Startup_lastFxns__C
  00001428    00001428    00000004   00000004    r-- .const:xdc_runtime_Assert_E_assertFailed__C
  0000142c    0000142c    00000004   00000004    r-- .const:xdc_runtime_Error_E_memory__C
  00001430    00001430    00000004   00000004    r-- .const:xdc_runtime_Error_policyFxn__C
  00001434    00001434    00000004   00000004    r-- .const:xdc_runtime_IGateProvider_Interface__BASE__C
  00001438    00001438    00000004   00000004    r-- .const:xdc_runtime_IHeap_Interface__BASE__C
  0000143c    0000143c    00000004   00000004    r-- .const:xdc_runtime_IModule_Interface__BASE__C
  00001440    00001440    00000004   00000004    r-- .const:xdc_runtime_Main_Module__diagsEnabled__C
  00001444    00001444    00000004   00000004    r-- .const:xdc_runtime_Main_Module__diagsIncluded__C
  00001448    00001448    00000004   00000004    r-- .const:xdc_runtime_Main_Module__diagsMask__C
  0000144c    0000144c    00000004   00000004    r-- .const:xdc_runtime_Memory_defaultHeapInstance__C
  00001450    00001450    00000004   00000004    r-- .const:xdc_runtime_Startup_execImpl__C
  00001454    00001454    00000004   00000004    r-- .const:xdc_runtime_Startup_maxPasses__C
  00001458    00001458    00000004   00000004    r-- .const:xdc_runtime_Startup_sfxnRts__C
  0000145c    0000145c    00000004   00000004    r-- .const:xdc_runtime_Startup_sfxnTab__C
  00001460    00001460    00000004   00000004    r-- .const:xdc_runtime_Startup_startModsFxn__C
  00001464    00001464    00000004   00000004    r-- .const:xdc_runtime_SysCallback_abortFxn__C
  00001468    00001468    00000004   00000004    r-- .const:xdc_runtime_SysCallback_exitFxn__C
  0000146c    0000146c    00000004   00000004    r-- .const:xdc_runtime_System_abortFxn__C
  00001470    00001470    00000004   00000004    r-- .const:xdc_runtime_System_exitFxn__C
  00001474    00001474    00000004   00000004    r-- .const:xdc_runtime_System_maxAtexitHandlers__C
  00001478    00001478    00000004   00000004    r-- .const:xdc_runtime_Text_charTab__C
  0000147c    0000147c    00000004   00000004    r-- .const:xdc_runtime_Text_nameEmpty__C
  00001480    00001480    00000004   00000004    r-- .const:xdc_runtime_Text_nameStatic__C
  00001484    00001484    00000004   00000004    r-- .const:xdc_runtime_Text_nameUnknown__C
  00001488    00001488    00000002   00000002    r-- .const:xdc_runtime_Main_Module__id__C
  0000148a    0000148a    00000002   00000002    r-- .const:xdc_runtime_Memory_Module__id__C
  0000148c    0000148c    00000002   00000002    r-- .const:xdc_runtime_Text_charCnt__C
  0000148e    0000148e    00000002   00000002    r-- .const:xdc_runtime_Text_isLoaded__C
  00001490    00001490    00000001   00000001    r-- .const:xdc_runtime_Error_policy__C
  00001494    00001494    00000004   00000004    r-- .const:ti_sysbios_rom_ROM_AONRTCChannelEnable
  00001498    00001498    00000004   00000004    r-- .const:ti_sysbios_rom_ROM_AONRTCCompareValueSet
  0000149c    0000149c    00000004   00000004    r-- .const:ti_sysbios_rom_ROM_AONRTCCurrentCompareValueGet
  000014a0    000014a0    00000004   00000004    r-- .const:ti_sysbios_rom_ROM_AONRTCEventClear
  000014a4    000014a4    00000004   00000004    r-- .const:ti_sysbios_rom_ROM_ti_sysbios_family_arm_cc26xx_Timer_getCount64__E
  000014a8    000014a8    00000004   00000004    r-- .const:ti_sysbios_rom_ROM_ti_sysbios_family_arm_cc26xx_Timer_getCurrentTick__E
  000014ac    000014ac    00000004   00000004    r-- .const:ti_sysbios_rom_ROM_ti_sysbios_family_arm_cc26xx_Timer_getMaxTicks__E
  000014b0    000014b0    00000004   00000004    r-- .const:ti_sysbios_rom_ROM_ti_sysbios_family_arm_cc26xx_Timer_initDevice__I
  000014b4    000014b4    00000004   00000004    r-- .const:ti_sysbios_rom_ROM_ti_sysbios_family_arm_cc26xx_Timer_setNextTick__E
  000014b8    000014b8    00000004   00000004    r-- .const:ti_sysbios_rom_ROM_ti_sysbios_family_arm_cc26xx_Timer_setThreshold__I
  000014bc    000014bc    00000004   00000004    r-- .const:ti_sysbios_rom_ROM_ti_sysbios_family_arm_cc26xx_Timer_start__E
  000014c0    000014c0    00000004   00000004    r-- .const:ti_sysbios_rom_ROM_ti_sysbios_family_arm_cc26xx_TimestampProvider_get32__E
  000014c4    000014c4    00000004   00000004    r-- .const:ti_sysbios_rom_ROM_xdc_runtime_Startup_getState__I
  000014c8    000014c8    00000004   00000004    r-- .const:ti_sysbios_rom_ROM_xdc_runtime_System_SupportProxy_abort__E
  000014cc    000014cc    00000004   00000004    r-- .const:ti_sysbios_rom_ROM_xdc_runtime_System_SupportProxy_exit__E
  000014d0    000014d0    00000004   00000004    r-- .const:ti_sysbios_gates_GateMutex_Instance_State_sem__O
  000014d4    000014d4    00000004   00000004    r-- .const:ti_sysbios_knl_Clock_Module_State_clockQ__O
  000014d8    000014d8    00000004   00000004    r-- .const:ti_sysbios_knl_Mailbox_Instance_State_dataQue__O
  000014dc    000014dc    00000004   00000004    r-- .const:ti_sysbios_knl_Mailbox_Instance_State_dataSem__O
  000014e0    000014e0    00000004   00000004    r-- .const:ti_sysbios_knl_Mailbox_Instance_State_freeQue__O
  000014e4    000014e4    00000004   00000004    r-- .const:ti_sysbios_knl_Mailbox_Instance_State_freeSem__O
  000014e8    000014e8    00000004   00000004    r-- .const:ti_sysbios_knl_Semaphore_Instance_State_pendQ__O
  000014ec    000014ec    00000004   00000004    r-- .const:ti_sysbios_knl_Task_Module_State_inactiveQ__O
  000014f0    000014f0    00007464   00007464    r-x .text
  00008958    00008958    000002e0   000002e0    r-- .cinit
0001ffa8    0001ffa8    00000058   00000058    r--
  0001ffa8    0001ffa8    00000058   00000058    r-- .ccfg
20000100    20000100    00002524   00000000    rw-
  20000100    20000100    00000044   00000000    rw- .data:ti_sysbios_knl_Task_Module__state__V
  20000144    20000144    00000034   00000000    rw- .data:ti_sysbios_family_arm_m3_Hwi_Module__state__V
  20000178    20000178    0000002c   00000000    rw- .data:ti_sysbios_knl_Clock_Module__state__V
  200001a4    200001a4    00000024   00000000    rw- .data:ti_sysbios_BIOS_Module__state__V
  200001c8    200001c8    0000001c   00000000    rw- .data:ti_sysbios_knl_Swi_Module__state__V
  200001e4    200001e4    00000008   00000000    rw- .data:ti_sysbios_family_arm_cc26xx_Timer_Module__state__V
  200001ec    200001ec    00000004   00000000    rw- .data:ti_sysbios_family_arm_cc26xx_TimestampProvider_Module__state__V
  200001f0    200001f0    00000008   00000000    rw- .data:xdc_runtime_Startup_Module__state__V
  200001f8    200001f8    00000008   00000000    rw- .data:xdc_runtime_System_Module__state__V
  20000200    20000200    00000004   00000000    rw- .data:xdc_runtime_Memory_Module__state__V
  20000208    20000208    00002005   00000000    rw- .bss
  20002210    20002210    00000414   00000000    rw- .data
20004d00    20004d00    00000300   00000000    rw-
  20004d00    20004d00    00000300   00000000    rw- .stack


SECTION ALLOCATION MAP

 output                                  attributes/
section   page    origin      length       input sections
--------  ----  ----------  ----------   ----------------
.const     0    0000003c    00000d48     
                  0000003c    000006b4     smartrf_settings.obj (.const:patchGenfskRfe)
                  000006f0    0000028c     smartrf_settings.obj (.const:patchImageGenfsk)
                  0000097c    0000006c     CC1310_LAUNCHXL.obj (.const:PWM_config)
                  000009e8    00000060     CC1310_LAUNCHXL.obj (.const:GPTimerCC26XX_config)
                  00000a48    00000060     CC1310_LAUNCHXL.obj (.const:gptimerCC26xxHWAttrs)
                  00000aa8    0000004c     drivers_cc13xxware.aem3 : PowerCC26XX.oem3 (.const:resourceDB)
                  00000af4    00000048     uartecho_pem3.oem3 (.const:.string)
                  00000b3c    00000040     drivers_cc13xxware.aem3 : UARTCC26XX.oem3 (.const)
                  00000b7c    0000002c     CC1310_LAUNCHXL.obj (.const:BoardGpioInitTable)
                  00000ba8    00000028     drivers_cc13xxware.aem3 : UARTCC26XX.oem3 (.const:UARTCC26XX_fxnTable)
                  00000bd0    00000028     uartecho_pem3.oem3 (.const:xdc_runtime_Startup_sfxnTab__A)
                  00000bf8    00000024     drivers_cc13xxware.aem3 : UART.oem3 (.const:UART_defaultParams)
                  00000c1c    00000022                             : GPTimerCC26XX.oem3 (.const)
                  00000c3e    00000002     uartecho_pem3.oem3 (.const:xdc_runtime_SysMin_flushAtExit__C)
                  00000c40    00000020     drivers_cc13xxware.aem3 : I2CCC26XX.oem3 (.const)
                  00000c60    00000020                             : PWMTimerCC26XX.oem3 (.const)
                  00000c80    00000020     CC1310_LAUNCHXL.obj (.const:uartCC26XXHWAttrs)
                  00000ca0    00000018     CC1310_LAUNCHXL.obj (.const:I2C_config)
                  00000cb8    00000018     CC1310_LAUNCHXL.obj (.const:UART_config)
                  00000cd0    00000018     CC1310_LAUNCHXL.obj (.const:i2cCC26xxHWAttrs)
                  00000ce8    00000017     main.obj (.const:.string:$P$T0$1)
                  00000cff    00000001     uartecho_pem3.oem3 (.const:xdc_runtime_Text_charTab__A)
                  00000d00    00000014     rf_singleMode_cc13xxware.aem3 : RFCC26XX_singleMode.oem3 (.const)
                  00000d14    00000014     uartecho_pem3.oem3 (.const:xdc_runtime_Startup_sfxnRts__A)
                  00000d28    00000010     CC1310_LAUNCHXL.obj (.const:PowerCC26XX_config)
                  00000d38    00000010     drivers_cc13xxware.aem3 : I2C.oem3 (.const)
                  00000d48    00000010     CC1310_LAUNCHXL.obj (.const:pwmtimerCC26xxHWAttrs)
                  00000d58    0000000c     uartecho_pem3.oem3 (.const:xdc_runtime_Startup_firstFxns__A)
                  00000d64    00000008     CC1310_LAUNCHXL.obj (.const:PINCC26XX_hwAttrs)
                  00000d6c    00000004     CC1310_LAUNCHXL.obj (.const:RFCC26XX_hwAttrs)
                  00000d70    00000004     uartecho_pem3.oem3 (.const:ti_sysbios_knl_Clock_tickPeriod__C)
                  00000d74    00000004     uartecho_pem3.oem3 (.const:ti_sysbios_knl_Clock_triggerClock__C)
                  00000d78    00000004     uartecho_pem3.oem3 (.const:ti_sysbios_knl_Idle_funcList__A)
                  00000d7c    00000004     uartecho_pem3.oem3 (.const:xdc_runtime_SysMin_bufSize__C)
                  00000d80    00000004     uartecho_pem3.oem3 (.const:xdc_runtime_SysMin_outputFunc__C)

.text      0    000014f0    00007464     
                  000014f0    000003b8     rf_singleMode_cc13xxware.aem3 : RFCC26XX_singleMode.oem3 (.text:fsmActiveState)
                  000018a8    00000324     rtsv7M3_T_le_eabi.lib : trgdrv.obj (.text)
                  00001bcc    000002e0     bme280.obj (.text:BME280_readCoefficients)
                  00001eac    00000228     driverlib.lib : sys_ctrl.obj (.text:NOROM_SysCtrlSetRechargeBeforePowerDown)
                  000020d4    00000228     drivers_cc13xxware.aem3 : PowerCC26XX.oem3 (.text:Power_sleep)
                  000022fc    0000021e     rtsv7M3_T_le_eabi.lib : ll_div_t2.obj (.text)
                  0000251a    000001f4                           : ull_div_t2.obj (.text)
                  0000270e    00000002     drivers_cc13xxware.aem3 : PWMTimerCC26XX.oem3 (.text:PWMTimerCC26XX_init)
                  00002710    000001ec                             : PowerCC26XX_calibrateRCOSC.oem3 (.text:calibrateRcoscHf1)
                  000028fc    000001dc     rf_singleMode_cc13xxware.aem3 : RFCC26XX_singleMode.oem3 (.text:RF_postCmd)
                  00002ad8    000001c4     drivers_cc13xxware.aem3 : PINCC26XX.oem3 (.text:PIN_init)
                  00002c9c    000001b8     bme280.obj (.text:get_BME280_Press)
                  00002e54    000001a0     drivers_cc13xxware.aem3 : PowerCC26XX_calibrateRCOSC.oem3 (.text:PowerCC26XX_doCalibrate)
                  00002ff4    000001a0                             : UARTCC26XX.oem3 (.text:UARTCC26XX_open)
                  00003194    00000168     rf_singleMode_cc13xxware.aem3 : RFCC26XX_singleMode.oem3 (.text:fsmSetupState)
                  000032fc    00000138     bme280.obj (.text:get_BME280_Humidity)
                  00003434    00000136     rtsv7M3_T_le_eabi.lib : fd_div_t2.obj (.text)
                  0000356a    00000002     rf_singleMode_cc13xxware.aem3 : RFCC26XX_singleMode.oem3 (.text:defaultErrCb)
                  0000356c    00000130     driverlib.lib : setup_rom.obj (.text:NOROM_SetupAfterColdResetWakeupFromShutDownCfg3)
                  0000369c    0000012c     drivers_cc13xxware.aem3 : PowerCC26XX.oem3 (.text:Power_init)
                  000037c8    00000128     rf_singleMode_cc13xxware.aem3 : RFCC26XX_singleMode.oem3 (.text:rf_init)
                  000038f0    00000128     smartrf_settings.obj (.text:rf_patch_rfe_genfsk)
                  00003a18    00000124     radio.obj (.text:radioTaskFxn)
                  00003b3c    0000011c     drivers_cc13xxware.aem3 : UARTCC26XX.oem3 (.text:UARTCC26XX_read)
                  00003c58    00000118     rf_singleMode_cc13xxware.aem3 : RFCC26XX_singleMode.oem3 (.text:hwiFxnCpe0Active)
                  00003d70    00000110     drivers_cc13xxware.aem3 : UARTCC26XX.oem3 (.text:UARTCC26XX_hwiIntFxn)
                  00003e80    00000100     bme280.obj (.text:get_BME280_Temp)
                  00003f80    000000fc     drivers_cc13xxware.aem3 : UARTCC26XX.oem3 (.text:UARTCC26XX_write)
                  0000407c    000000f8                             : I2CCC26XX.oem3 (.text:I2CCC26XX_open)
                  00004174    000000f0     driverlib.lib : setup_rom.obj (.text:NOROM_SetupAfterColdResetWakeupFromShutDownCfg2)
                  00004264    000000ec     drivers_cc13xxware.aem3 : PWMTimerCC26XX.oem3 (.text:PWMTimerCC26XX_open)
                  00004350    000000e8                             : I2CCC26XX.oem3 (.text:I2CCC26XX_hwiFxn)
                  00004438    000000e0                             : PINCC26XX.oem3 (.text:PINCC26XX_setIoCfg)
                  00004518    000000d8     driverlib.lib : rfc.obj (.text:NOROM_RFCRTrim)
                  000045f0    000000d4                   : rfc.obj (.text:NOROM_RFCRfTrimRead)
                  000046c4    000000d4     power_cc13xx_tirtos.aem3 : PowerCC26XX_tirtos.oem3 (.text:PowerCC26XX_standbyPolicy)
                  00004798    000000d4     drivers_cc13xxware.aem3 : PowerCC26XX.oem3 (.text:Power_releaseDependency)
                  0000486c    000000d0                             : PowerCC26XX.oem3 (.text:Power_setDependency)
                  0000493c    000000cc     rf_singleMode_cc13xxware.aem3 : RFCC26XX_singleMode.oem3 (.text:RF_open)
                  00004a08    000000c8     drivers_cc13xxware.aem3 : UARTCC26XX.oem3 (.text:UARTCC26XX_initHw)
                  00004ad0    000000c4     rf_singleMode_cc13xxware.aem3 : RFCC26XX_singleMode.oem3 (.text:fsmPowerUpState)
                  00004b94    000000c2     drivers_cc13xxware.aem3 : I2CCC26XX.oem3 (.text:I2CCC26XX_transfer)
                  00004c56    00000002                             : PowerCC26XX.oem3 (.text:emptyClockFunc)
                  00004c58    000000c0     driverlib.lib : setup.obj (.text:TrimAfterColdResetWakeupFromShutDown)
                  00004d18    000000b0     bme280.obj (.text:show_BME280_Press)
                  00004dc8    000000ac     sensors.obj (.text:init_sensorsSemaphore)
                  00004e74    000000a8     driverlib.lib : setup.obj (.text:NOROM_SetupTrimDevice)
                  00004f1c    000000a4                   : setup_rom.obj (.text:NOROM_SetupAfterColdResetWakeupFromShutDownCfg1)
                  00004fc0    000000a0     auto_init.aem3 : auto_init.oem3 (.text)
                  00005060    0000009c     bh1750.obj (.text:get_BH1750_LightLevel)
                  000050fc    0000009c     rtsv7M3_T_le_eabi.lib : memcpy_t2.obj (.text)
                  00005198    00000098     rom_sysbios.aem3 : rom_sysbios.obj (.text:ti_sysbios_knl_Clock_workFuncDynamic__E)
                  00005230    00000094     drivers_cc13xxware.aem3 : PINCC26XX.oem3 (.text:PIN_open)
                  000052c4    00000094                             : UARTCC26XX.oem3 (.text:writeFinishedDoCallback)
                  00005358    00000090                             : I2CCC26XX.oem3 (.text:I2CCC26XX_cancel)
                  000053e8    00000090                             : PowerCC26XX.oem3 (.text:switchXOSCHFclockFunc)
                  00005478    0000008c                             : GPTimerCC26XX.oem3 (.text:GPTimerCC26XX_open)
                  00005504    0000008c                             : I2CCC26XX.oem3 (.text:I2CCC26XX_primeTransfer)
                  00005590    0000008c                             : UARTCC26XX.oem3 (.text:UARTCC26XX_initIO)
                  0000561c    0000008c                             : UARTCC26XX.oem3 (.text:UARTCC26XX_writeCancel)
                  000056a8    0000008c                             : PowerCC26XX.oem3 (.text:disableLFClockQualifiers)
                  00005734    0000008c     tmp007.obj (.text:show_TMP007_Temp)
                  000057c0    00000088     drivers_cc13xxware.aem3 : PowerCC26XX_calibrateRCOSC.oem3 (.text:calibrateRcoscHf2)
                  00005848    00000088     main.obj (.text:mainTask)
                  000058d0    00000088     sensors.obj (.text:sensorsTaskFxn)
                  00005958    00000084     rf_singleMode_cc13xxware.aem3 : RFCC26XX_singleMode.oem3 (.text:swiFxnHw)
                  000059dc    00000080                                   : RFCC26XX_singleMode.oem3 (.text:RF_pendCmd)
                  00005a5c    0000007c     bh1750.obj (.text:BH1750_init)
                  00005ad8    0000007a     rtsv7M3_T_le_eabi.lib : memset_t2.obj (.text)
                  00005b52    00000002     smartrf_settings.obj (.text:enterGenfskSysPatch)
                  00005b54    00000078     drivers_cc13xxware.aem3 : UARTCC26XX.oem3 (.text:UARTCC26XX_close)
                  00005bcc    00000074     bme280.obj (.text:BME280_write8)
                  00005c40    00000074     driverlib.lib : setup_rom.obj (.text:NOROM_SetupSetVddrLevel)
                  00005cb4    00000074     drivers_cc13xxware.aem3 : PowerCC26XX_calibrateRCOSC.oem3 (.text:PowerCC26XX_auxISR)
                  00005d28    00000074     rf_singleMode_cc13xxware.aem3 : RFCC26XX_singleMode.oem3 (.text:decActiveClientCnt)
                  00005d9c    00000074                                   : RFCC26XX_singleMode.oem3 (.text:fsmPowerDownState)
                  00005e10    00000074     bh1750.obj (.text:show_BH1750_Bright)
                  00005e84    00000074     rom_sysbios.aem3 : rom_sysbios.obj (.text:ti_sysbios_family_arm_cc26xx_Timer_start__E)
                  00005ef8    00000074     drivers_cc13xxware.aem3 : UARTCC26XX.oem3 (.text:writeTxFifoFlush)
                  00005f6c    00000072     bios_CC1310.obj (.text:putFloatData)
                  00005fde    00000002     rtsv7M3_T_le_eabi.lib : l_div0.obj (.text)
                  00005fe0    00000070     drivers_cc13xxware.aem3 : GPTimerCC26XX.oem3 (.text:GPTimerCC26XX_resetHw)
                  00006050    00000070     driverlib.lib : chipinfo.obj (.text:NOROM_ChipInfo_GetHwRevision)
                  000060c0    0000006c     bme280.obj (.text:BME280_read8)
                  0000612c    0000006c     driverlib.lib : setup_rom.obj (.text:NOROM_SetupGetTrimForAmpcompCtrl)
                  00006198    0000006c     drivers_cc13xxware.aem3 : PINCC26XX.oem3 (.text:PIN_add)
                  00006204    0000006c                             : PowerCC26XX.oem3 (.text:PowerCC26XX_calibrate)
                  00006270    0000006c                             : UARTCC26XX.oem3 (.text:UARTCC26XX_readCancel)
                  000062dc    00000068     driverlib.lib : setup_rom.obj (.text:NOROM_SetupGetTrimForAnabypassValue1)
                  00006344    00000068                   : sys_ctrl.obj (.text:NOROM_SysCtrl_DCDC_VoltageConditionalControl)
                  000063ac    00000068     rf_singleMode_cc13xxware.aem3 : RFCC26XX_singleMode.oem3 (.text:RF_getCurrentTime)
                  00006414    00000068     rtsv7M3_T_le_eabi.lib : copy_decompress_lzss.obj (.text:decompress:lzss)
                  0000647c    00000068                           : trgmsg.obj (.text)
                  000064e4    00000064     drivers_cc13xxware.aem3 : I2CCC26XX.oem3 (.text:I2CCC26XX_close)
                  00006548    00000064                             : I2CCC26XX.oem3 (.text:I2CCC26XX_initIO)
                  000065ac    00000064     driverlib.lib : osc.obj (.text:NOROM_OSCHF_AttemptToSwitchToXosc)
                  00006610    00000064     drivers_cc13xxware.aem3 : UARTCC26XX.oem3 (.text:UARTCC26XX_control)
                  00006674    00000060     driverlib.lib : osc.obj (.text:NOROM_OSCClockSourceSet)
                  000066d4    00000060     drivers_cc13xxware.aem3 : PowerCC26XX_calibrateRCOSC.oem3 (.text:PowerCC26XX_RCOSC_clockFunc)
                  00006734    00000060     rf_singleMode_cc13xxware.aem3 : RFCC26XX_singleMode.oem3 (.text:fsmXOSCState)
                  00006794    00000060     tmp007.obj (.text:get_TMP007_ObjTemp)
                  000067f4    00000060     tmp007.obj (.text:get_TMP007_SensTemp)
                  00006854    00000060     bios_CC1310.obj (.text:uart_init)
                  000068b4    00000060     drivers_cc13xxware.aem3 : PowerCC26XX_calibrateRCOSC.oem3 (.text:updateSubSecInc)
                  00006914    0000005c     driverlib.lib : sys_ctrl.obj (.text:NOROM_SysCtrlAdjustRechargeAfterPowerDown)
                  00006970    0000005c     drivers_cc13xxware.aem3 : PINCC26XX.oem3 (.text:PIN_remove)
                  000069cc    0000005c                             : PWMTimerCC26XX.oem3 (.text:PWMTimerCC26XX_getdutyCounts)
                  00006a28    0000005c     smartrf_settings.obj (.text:configureGenfskPatch)
                  00006a84    0000005c     uartecho_pem3.oem3 (.text:xdc_runtime_Startup_getState__I)
                  00006ae0    00000058     drivers_cc13xxware.aem3 : GPTimerCC26XX.oem3 (.text:GPTimerCC26XX_stop)
                  00006b38    00000058                             : I2CCC26XX.oem3 (.text:I2CCC26XX_swiFxn)
                  00006b90    00000058                             : PowerCC26XX_calibrateRCOSC.oem3 (.text:PowerCC26XX_initiateCalibration)
                  00006be8    00000058     bme280.obj (.text:save_BME280_Press)
                  00006c40    00000056     drivers_cc13xxware.aem3 : PWMTimerCC26XX.oem3 (.text:PWMTimerCC26XX_setPeriod)
                  00006c96    00000002     rom_sysbios.aem3 : rom_sysbios.obj (.text:ti_sysbios_BIOS_linkedWithIncorrectBootLibrary__E)
                  00006c98    00000054     drivers_cc13xxware.aem3 : PowerCC26XX.oem3 (.text:configureXOSCHF)
                  00006cec    00000054     rf_singleMode_cc13xxware.aem3 : RFCC26XX_singleMode.oem3 (.text:hwiFxnHw)
                  00006d40    00000054                                   : RFCC26XX_singleMode.oem3 (.text:ratChanFree)
                  00006d94    00000054     rtsv7M3_T_le_eabi.lib : ltoa.obj (.text)
                  00006de8    00000050     driverlib.lib : setup_rom.obj (.text:NOROM_SetupSetCacheModeAccordingToCcfgSetting)
                  00006e38    00000050     rf_singleMode_cc13xxware.aem3 : RFCC26XX_singleMode.oem3 (.text:dispatchOpWhen)
                  00006e88    00000050                                   : RFCC26XX_singleMode.oem3 (.text:syncCb)
                  00006ed8    0000004c     bme280.obj (.text:BME280_init)
                  00006f24    0000004c     drivers_cc13xxware.aem3 : GPTimerCC26XX.oem3 (.text:GPTimerCC26XX_start)
                  00006f70    0000004c     rf_singleMode_cc13xxware.aem3 : RFCC26XX_singleMode.oem3 (.text:applyRfCorePatch)
                  00006fbc    0000004c     bios_CC1310.obj (.text:putstr)
                  00007008    0000004c     rtsv7M3_T_le_eabi.lib : cpy_tbl.obj (.text)
                  00007054    0000004c                           : rand.obj (.text)
                  000070a0    0000004c     tmp007.obj (.text:save_TMP007_Temp)
                  000070ec    0000004c     drivers_cc13xxware.aem3 : UARTCC26XX.oem3 (.text:startTxFifoEmptyClk)
                  00007138    00000048                             : I2CCC26XX.oem3 (.text:I2CCC26XX_initHw)
                  00007180    00000048     driverlib.lib : chipinfo.obj (.text:NOROM_ChipInfo_GetChipFamily)
                  000071c8    00000048     drivers_cc13xxware.aem3 : PINCC26XX.oem3 (.text:PIN_setOutputEnable)
                  00007210    00000048                             : PINCC26XX.oem3 (.text:PIN_swi)
                  00007258    00000048     rf_singleMode_cc13xxware.aem3 : RFCC26XX_singleMode.oem3 (.text:RF_runCmd)
                  000072a0    00000048     tmp007.obj (.text:TMP007_init)
                  000072e8    00000048     drivers_cc13xxware.aem3 : PowerCC26XX.oem3 (.text:notify)
                  00007330    00000046                             : RingBuf.oem3 (.text:RingBuf_put)
                  00007376    00000044                             : PWMTimerCC26XX.oem3 (.text:PWMTimerCC26XX_setDuty)
                  000073ba    00000002     uartecho_pem3.oem3 (.text:ti_sysbios_BIOS_nullFunc__I)
                  000073bc    00000044     boot.aem3 : boot.oem3 (.text)
                  00007400    00000044     rtsv7M3_T_le_eabi.lib : fd_tou_t2.obj (.text)
                  00007444    00000044     rom_sysbios.aem3 : rom_sysbios.obj (.text:xdc_runtime_SysMin_flush__E)
                  00007488    00000040     drivers_cc13xxware.aem3 : RingBuf.oem3 (.text:RingBuf_get)
                  000074c8    00000040     bios.obj (.text:init_Hardware)
                  00007508    00000040     radio.obj (.text:init_radioTask)
                  00007548    0000003c     driverlib.lib : osc.obj (.text:NOROM_OSC_HPOSCRelativeFrequencyOffsetGet)
                  00007584    0000003c                   : rfc.obj (.text:NOROM_RFCSynthPowerDown)
                  000075c0    0000003c     drivers_cc13xxware.aem3 : PINCC26XX.oem3 (.text:PIN_setOutputValue)
                  000075fc    0000003c                             : PWMTimerCC26XX.oem3 (.text:PWMTimerCC26XX_getperiodCounts)
                  00007638    0000003c                             : UARTCC26XX.oem3 (.text:UARTCC26XX_swiIntFxn)
                  00007674    0000003c     sensors.obj (.text:init_sensorsTask)
                  000076b0    0000003c     bh1750.obj (.text:save_BH1750_Bright)
                  000076ec    00000038     drivers_cc13xxware.aem3 : I2C.oem3 (.text:I2C_init)
                  00007724    00000038                             : PWM.oem3 (.text:PWM_init)
                  0000775c    00000038                             : UART.oem3 (.text:UART_init)
                  00007794    00000038     main.obj (.text:init_mainTask)
                  000077cc    00000038     main.obj (.text:main)
                  00007804    00000038     drivers_cc13xxware.aem3 : UARTCC26XX.oem3 (.text:readData)
                  0000783c    00000038     rom_sysbios.aem3 : rom_sysbios.obj (.text:ti_sysbios_family_arm_cc26xx_Timer_getCurrentTick__E)
                  00007874    00000038     drivers_cc13xxware.aem3 : UARTCC26XX.oem3 (.text:writeData)
                  000078ac    00000038     rom_sysbios.aem3 : rom_sysbios.obj (.text:xdc_runtime_SysMin_putch__E)
                  000078e4    00000036     rf_singleMode_cc13xxware.aem3 : RFCC26XX_singleMode.oem3 (.text:updateImplicitState)
                  0000791a    00000002     rom_sysbios.aem3 : rom_sysbios.obj (.text:ti_sysbios_knl_Clock_triggerFunc__I)
                  0000791c    00000034     drivers_cc13xxware.aem3 : GPTimerCC26XX.oem3 (.text:GPTimerCC26XXSetLoadMatch)
                  00007950    00000034                             : GPTimerCC26XX.oem3 (.text:GPTimerCC26XX_initHw)
                  00007984    00000034     driverlib.lib : osc.obj (.text:NOROM_OSCHF_SwitchToRcOscTurnOffXosc)
                  000079b8    00000034     drivers_cc13xxware.aem3 : PINCC26XX.oem3 (.text:PIN_setConfig)
                  000079ec    00000034     rf_singleMode_cc13xxware.aem3 : RFCC26XX_singleMode.oem3 (.text:Q_push)
                  00007a20    00000034     bios_CC1310.obj (.text:i2c_init)
                  00007a54    00000034     drivers_cc13xxware.aem3 : UARTCC26XX.oem3 (.text:readData2RingBuf)
                  00007a88    00000034     rom_sysbios.aem3 : rom_sysbios.obj (.text:ti_sysbios_family_arm_cc26xx_Timer_initDevice__I)
                  00007abc    00000032                      : rom_sysbios.obj (.text:ti_sysbios_family_arm_cc26xx_Timer_setNextTick__E)
                  00007aee    00000030     drivers_cc13xxware.aem3 : GPTimerCC26XX.oem3 (.text:GPTimerCC26XX_close)
                  00007b1e    00000002     uartecho_pem3.oem3 (.text:ti_sysbios_rom_cortexm_cc13xx_CC13xx_badRomRevision__E)
                  00007b20    00000030     drivers_cc13xxware.aem3 : I2C.oem3 (.text:I2C_open)
                  00007b50    00000030     driverlib.lib : setup_rom.obj (.text:NOROM_SetupSetAonRtcSubSecInc)
                  00007b80    00000030     drivers_cc13xxware.aem3 : PowerCC26XX.oem3 (.text:Power_releaseConstraint)
                  00007bb0    00000030                             : PowerCC26XX.oem3 (.text:Power_setConstraint)
                  00007be0    00000030     bios_CC1310.obj (.text:System_init)
                  00007c10    00000030     drivers_cc13xxware.aem3 : UART.oem3 (.text:UART_open)
                  00007c40    00000030     rf_singleMode_cc13xxware.aem3 : RFCC26XX_singleMode.oem3 (.text:clkPowerUpFxn)
                  00007c70    00000030     uartecho_pem3.oem3 (.text:ti_sysbios_BIOS_atExitFunc__I)
                  00007ca0    00000030     uartecho_pem3.oem3 (.text:ti_sysbios_BIOS_startFunc__I)
                  00007cd0    00000030     rom_sysbios.aem3 : rom_sysbios.obj (.text:ti_sysbios_family_arm_cc26xx_Timer_setThreshold__I)
                  00007d00    00000030                      : rom_sysbios.obj (.text:xdc_runtime_SysMin_abort__E)
                  00007d30    0000002c     driverlib.lib : ddi.obj (.text:NOROM_DDI32RegWrite)
                  00007d5c    0000002c                   : osc.obj (.text:NOROM_OSCClockSourceGet)
                  00007d88    0000002c                   : setup_rom.obj (.text:NOROM_SetupGetTrimForRadcExtCfg)
                  00007db4    0000002c     drivers_cc13xxware.aem3 : PINCC26XX.oem3 (.text:PINCC26XX_setMux)
                  00007de0    0000002c                             : PWMTimerCC26XX.oem3 (.text:PWMTimerCC26XX_close)
                  00007e0c    0000002c     rf_singleMode_cc13xxware.aem3 : RFCC26XX_singleMode.oem3 (.text:getCmd)
                  00007e38    0000002c     rom_sysbios.aem3 : rom_sysbios.obj (.text:ti_sysbios_knl_Clock_getTicksUntilInterrupt__E)
                  00007e64    00000028     drivers_cc13xxware.aem3 : GPTimerCC26XX.oem3 (.text:GPTimerCC26XX_configureDebugStall)
                  00007e8c    00000028     driverlib.lib : aon_batmon.obj (.text:NOROM_AONBatMonTemperatureGetDegC)
                  00007eb4    00000028     drivers_cc13xxware.aem3 : PowerCC26XX.oem3 (.text:Power_registerNotify)
                  00007edc    00000028     driverlib.lib : adi.obj (.text:SafeHapiVoid)
                  00007f04    00000026     drivers_cc13xxware.aem3 : List.oem3 (.text:List_put)
                  00007f2a    00000002     rom_sysbios.aem3 : rom_sysbios.obj (.text:xdc_runtime_SysCallback_defaultAbort)
                  00007f2c    00000024     drivers_cc13xxware.aem3 : PINCC26XX.oem3 (.text:PINCC26XX_getPinCount)
                  00007f50    00000024                             : PWMTimerCC26XX.oem3 (.text:PWMTimerCC26XX_start)
                  00007f74    00000024                             : PowerCC26XX_calibrateRCOSC.oem3 (.text:getTdcSemaphore)
                  00007f98    00000024     rf_singleMode_cc13xxware.aem3 : RFCC26XX_singleMode.oem3 (.text:hwiFxnCpe0PowerFsm)
                  00007fbc    00000024     uartecho_pem3.oem3 (.text:ti_sysbios_BIOS_registerRTSLock__I)
                  00007fe0    00000024     uartecho_pem3.oem3 (.text:ti_sysbios_BIOS_removeRTSLock__I)
                  00008004    00000024     rom_sysbios.aem3 : rom_sysbios.obj (.text:ti_sysbios_family_arm_cc26xx_Timer_getMaxTicks__E)
                  00008028    00000022     uartecho_pem3.oem3 (.text:xdc_runtime_SysMin_output__I)
                  0000804a    00000002     rom_sysbios.aem3 : rom_sysbios.obj (.text:xdc_runtime_SysCallback_defaultExit)
                  0000804c    00000020     driverlib.lib : rfc.obj (.text:NOROM_RFCAdi3VcoLdoVoltageMode)
                  0000806c    00000020                   : rfc.obj (.text:NOROM_RFCDoorbellSendTo)
                  0000808c    00000020                   : setup_rom.obj (.text:NOROM_SetupGetTrimForXoscHfCtl)
                  000080ac    00000020     drivers_cc13xxware.aem3 : PWMTimerCC26XX.oem3 (.text:PWMTimerCC26XX_stop)
                  000080cc    00000020                             : PowerCC26XX.oem3 (.text:Power_unregisterNotify)
                  000080ec    00000020     rf_singleMode_cc13xxware.aem3 : RFCC26XX_singleMode.oem3 (.text:allocCmd)
                  0000810c    00000020     rtsv7M3_T_le_eabi.lib : u_tofd_t2.obj (.text)
                  0000812c    00000020     uartecho_pem3.oem3 (.text:ti_sysbios_BIOS_rtsLock__I)
                  0000814c    00000020     rom_sysbios.aem3 : rom_sysbios.obj (.text:ti_sysbios_family_arm_cc26xx_Timer_dynamicStub__E)
                  0000816c    00000020                      : rom_sysbios.obj (.text:ti_sysbios_knl_Clock_stop__E)
                  0000818c    00000020                      : rom_sysbios.obj (.text:xdc_runtime_SysMin_Module_startup__E)
                  000081ac    0000001e     drivers_cc13xxware.aem3 : PINCC26XX.oem3 (.text:PIN_close)
                  000081ca    0000001e                             : PowerCC26XX.oem3 (.text:Power_getTransitionLatency)
                  000081e8    0000001c     driverlib.lib : setup_rom.obj (.text:NOROM_SetupGetTrimForAmpcompTh2)
                  00008204    0000001c                   : setup_rom.obj (.text:NOROM_SetupGetTrimForRcOscLfRtuneCtuneTrim)
                  00008220    0000001c     drivers_cc13xxware.aem3 : PINCC26XX.oem3 (.text:PINCC26XX_setIoCfgMux)
                  0000823c    0000001c                             : PINCC26XX.oem3 (.text:PIN_hwi)
                  00008258    0000001c     smartrf_settings.obj (.text:enterGenfskCpePatch)
                  00008274    0000001c     rom_sysbios.aem3 : rom_sysbios.obj (.text:xdc_runtime_SysMin_exit__E)
                  00008290    0000001a     drivers_cc13xxware.aem3 : List.oem3 (.text:List_remove)
                  000082aa    0000001a                             : PWMTimerCC26XX.oem3 (.text:PWMTimerCC26XX_control)
                  000082c4    0000001a     bios_CC1310.obj (.text:putdata)
                  000082de    00000002     --HOLE-- [fill = 0]
                  000082e0    00000018     driverlib.lib : aon_rtc.obj (.text:NOROM_AONRTCCurrentCompareValueGet)
                  000082f8    00000018                   : chipinfo.obj (.text:NOROM_ChipInfo_GetPackageType)
                  00008310    00000018                   : osc.obj (.text:NOROM_OSCHF_TurnOnXosc)
                  00008328    00000018                   : rfc.obj (.text:NOROM_RFCCpeIntGetAndClear)
                  00008340    00000018                   : setup_rom.obj (.text:NOROM_SetupGetTrimForAdcShModeEn)
                  00008358    00000018                   : setup_rom.obj (.text:NOROM_SetupGetTrimForAdcShVbufEn)
                  00008370    00000018                   : setup_rom.obj (.text:NOROM_SetupGetTrimForAmpcompTh1)
                  00008388    00000018                   : setup_rom.obj (.text:NOROM_SetupGetTrimForDblrLoopFilterResetVoltage)
                  000083a0    00000018                   : setup_rom.obj (.text:NOROM_SetupGetTrimForRcOscLfIBiasTrim)
                  000083b8    00000018                   : setup_rom.obj (.text:NOROM_SetupGetTrimForXoscLfRegulatorAndCmirrwrRatio)
                  000083d0    00000018     drivers_cc13xxware.aem3 : PowerCC26XX.oem3 (.text:Power_idleFunc)
                  000083e8    00000018     rf_singleMode_cc13xxware.aem3 : RFCC26XX_singleMode.oem3 (.text:Q_pop)
                  00008400    00000018     drivers_cc13xxware.aem3 : UARTCC26XX.oem3 (.text:UARTCC26XX_init)
                  00008418    00000018                             : UART.oem3 (.text:UART_Params_init)
                  00008430    00000018                             : PowerCC26XX.oem3 (.text:configureRFCoreClocks)
                  00008448    00000018     rtsv7M3_T_le_eabi.lib : args_main.obj (.text)
                  00008460    00000018                           : ll_mul_t2.obj (.text)
                  00008478    00000018     rf_singleMode_cc13xxware.aem3 : RFCC26XX_singleMode.oem3 (.text:swiFxnFsm)
                  00008490    00000018     uartecho_pem3.oem3 (.text:ti_sysbios_BIOS_rtsUnlock__I)
                  000084a8    00000018     rom_sysbios.aem3 : rom_sysbios.obj (.text:ti_sysbios_knl_Swi_or__E)
                  000084c0    00000018     uartecho_pem3.oem3 (.text:ti_sysbios_rom_cortexm_cc13xx_CC13xx_checkRevision__E)
                  000084d8    00000016     driverlib.lib : chipinfo.obj (.text:NOROM_ThisCodeIsBuiltForCC13xxHwRev20AndLater_HaltIfViolated)
                  000084ee    00000016     rtsv7M3_T_le_eabi.lib : strcpy.obj (.text)
                  00008504    00000016     uartecho_pem3.oem3 (.text:ti_sysbios_BIOS_exitFunc__I)
                  0000851a    00000016     sensors.obj (.text:ti_sysbios_knl_Semaphore_Params_init)
                  00008530    00000016     main.obj (.text:ti_sysbios_knl_Task_Params_init)
                  00008546    00000016     radio.obj (.text:ti_sysbios_knl_Task_Params_init)
                  0000855c    00000016     sensors.obj (.text:ti_sysbios_knl_Task_Params_init)
                  00008572    00000002     --HOLE-- [fill = 0]
                  00008574    00000014     driverlib.lib : aon_rtc.obj (.text:NOROM_AONRTCCurrent64BitValueGet)
                  00008588    00000014     rf_singleMode_cc13xxware.aem3 : RFCC26XX_singleMode.oem3 (.text:RF_Params_init)
                  0000859c    00000014     rtsv7M3_T_le_eabi.lib : _lock.obj (.text)
                  000085b0    00000014                           : strlen.obj (.text)
                  000085c4    00000014     uartecho_pem3.oem3 (.text:ti_sysbios_knl_Clock_doTick__I)
                  000085d8    00000012     drivers_cc13xxware.aem3 : RingBuf.oem3 (.text:RingBuf_construct)
                  000085ea    00000012     uartecho_pem3.oem3 (.text:xdc_runtime_Startup_exec__I)
                  000085fc    00000010     rf_singleMode_cc13xxware.aem3 : RFCC26XX_singleMode.oem3 (.text:FsmDispatch)
                  0000860c    00000010     drivers_cc13xxware.aem3 : I2C.oem3 (.text:I2C_Params_init)
                  0000861c    00000010     driverlib.lib : rfc.obj (.text:NOROM_RFCRfTrimSet)
                  0000862c    00000010                   : setup_rom.obj (.text:NOROM_SetupGetTrimForXoscHfFastStart)
                  0000863c    00000010                   : setup_rom.obj (.text:NOROM_SetupGetTrimForXoscHfIbiastherm)
                  0000864c    00000010     smartrf_settings.obj (.text:applyGenfskPatch)
                  0000865c    00000010     drivers_cc13xxware.aem3 : I2CCC26XX.oem3 (.text:i2cPostNotify)
                  0000866c    00000010     rom_sysbios.aem3 : rom_sysbios.obj (.text:ti_sysbios_family_arm_m3_Hwi_post__E)
                  0000867c    00000010     drivers_cc13xxware.aem3 : UARTCC26XX.oem3 (.text:uartPostNotify)
                  0000868c    0000000e     driverlib.lib : vims.obj (.text:NOROM_VIMSModeGet)
                  0000869a    0000000e     rtsv7M3_T_le_eabi.lib : copy_decompress_none.obj (.text:decompress:none)
                  000086a8    0000000e     rom_sysbios.aem3 : rom_sysbios.obj (.text:ti_sysbios_family_arm_cc26xx_TimestampProvider_get32__E)
                  000086b6    00000002     --HOLE-- [fill = 0]
                  000086b8    0000000c     rf_singleMode_cc13xxware.aem3 : RFCC26XX_singleMode.oem3 (.text:FsmNextState)
                  000086c4    0000000c     drivers_cc13xxware.aem3 : GPTimerCC26XX.oem3 (.text:GPTimerCC26XX_Params_init)
                  000086d0    0000000c     driverlib.lib : cpu.obj (.text:NOROM_CPUcpsid)
                  000086dc    0000000c                   : cpu.obj (.text:NOROM_CPUcpsie)
                  000086e8    0000000c     drivers_cc13xxware.aem3 : PowerCC26XX.oem3 (.text:Power_getConstraintMask)
                  000086f4    0000000c                             : PowerCC26XX.oem3 (.text:Power_getDependencyCount)
                  00008700    0000000c     rtsv7M3_T_le_eabi.lib : copy_zero_init.obj (.text:decompress:ZI)
                  0000870c    0000000c     sensors.obj (.text:ti_sysbios_knl_Semaphore_handle)
                  00008718    0000000c     rom_sysbios.aem3 : rom_sysbios.obj (.text:ti_sysbios_knl_Swi_getTrigger__E)
                  00008724    0000000c     uartecho_pem3.oem3 (.text:xdc_runtime_Startup_reset__I)
                  00008730    0000000c     rom_sysbios.aem3 : rom_sysbios.obj (.text:xdc_runtime_Startup_rtsDone__E)
                  0000873c    0000000a     drivers_cc13xxware.aem3 : I2CCC26XX.oem3 (.text:I2CCC26XX_init)
                  00008746    0000000a                             : I2C.oem3 (.text:I2C_transfer)
                  00008750    0000000a                             : List.oem3 (.text:List_empty)
                  0000875a    0000000a                             : UART.oem3 (.text:UART_write)
                  00008764    00000008                             : GPTimerCC26XX.oem3 (.text:GPTimerCC26XX_setLoadValue)
                  0000876c    00000008                             : GPTimerCC26XX.oem3 (.text:GPTimerCC26XX_setMatchValue)
                  00008774    00000008                             : I2CCC26XX.oem3 (.text:I2CCC26XX_blockingCallback)
                  0000877c    00000008                             : UARTCC26XX.oem3 (.text:readSemCallback)
                  00008784    00000008     smartrf_settings.obj (.text:rf_patch_cpe_genfsk)
                  0000878c    00000008     drivers_cc13xxware.aem3 : UARTCC26XX.oem3 (.text:writeSemCallback)
                  00008794    00000006                             : I2CCC26XX.oem3 (.text:I2CCC26XX_control)
                  0000879a    00000006     driverlib.lib : cpu.obj (.text:NOROM_CPUdelay)
                  000087a0    00000006     drivers_cc13xxware.aem3 : UARTCC26XX.oem3 (.text:UARTCC26XX_readPolling)
                  000087a6    00000006                             : UARTCC26XX.oem3 (.text:UARTCC26XX_writePolling)
                  000087ac    00000006     rf_singleMode_cc13xxware.aem3 : RFCC26XX_singleMode.oem3 (.text:clkInactivityFxn)
                  000087b2    00000006     rom_sysbios.aem3 : rom_sysbios.obj (.text:ti_sysbios_family_arm_m3_Hwi_setFunc__E)
                  000087b8    00000004     tirtosport.aem3 : HwiP_tirtos.oem3 (.text:HwiP_disable)
                  000087bc    00000004     drivers_cc13xxware.aem3 : List.oem3 (.text:List_head)
                  000087c0    00000004                             : List.oem3 (.text:List_next)
                  000087c4    00000004     rf_singleMode_cc13xxware.aem3 : RFCC26XX_singleMode.oem3 (.text:Q_peek)
                  000087c8    00000004     drivers_cc13xxware.aem3 : PowerCC26XX.oem3 (.text:nopResourceHandler)
                  000087cc    00000004     rom_sysbios.aem3 : rom_sysbios.obj (.text:ti_sysbios_family_arm_cc26xx_Timer_getCount64__E)
                  000087d0    00000004                      : rom_sysbios.obj (.text:ti_sysbios_knl_Semaphore_getCount__E)
                  000087d4    00000008     (.tramp.xdc_runtime_Startup_startMods__I.1)
                  000087dc    00000008     (.tramp.ti_sysbios_knl_Clock_logTick__E.1)
                  000087e4    00000008     (.tramp.ti_sysbios_knl_Task_Params__init__S.1)
                  000087ec    00000008     (.tramp.ti_sysbios_BIOS_RtsGateProxy_leave__E.1)
                  000087f4    00000008     (.tramp.ti_sysbios_BIOS_RtsGateProxy_enter__E.1)
                  000087fc    00000008     (.tramp.ti_sysbios_knl_Task_startup__E.1)
                  00008804    00000008     (.tramp.ti_sysbios_knl_Swi_startup__E.1)
                  0000880c    00000008     (.tramp.ti_sysbios_hal_Hwi_startup__E.1)
                  00008814    00000008     (.tramp.ti_sysbios_family_arm_cc26xx_Timer_startup__E.1)
                  0000881c    00000008     (.tramp.xdc_runtime_System_atexit__E.1)
                  00008824    00000008     (.tramp.ti_sysbios_BIOS_setThreadType__E.1)
                  0000882c    00000008     (.tramp.ti_sysbios_BIOS_start__E.1)
                  00008834    00000008     (.tramp.ti_sysbios_knl_Task_construct.1)
                  0000883c    00000008     (.tramp.xdc_runtime_System_abort__E.1)
                  00008844    00000008     (.tramp.xdc_runtime_Gate_leaveSystem__E.1)
                  0000884c    00000008     (.tramp.xdc_runtime_Gate_enterSystem__E.1)
                  00008854    00000008     (.tramp.xdc_runtime_System_exit__E.1)
                  0000885c    00000008     (.tramp.ti_sysbios_knl_Clock_destruct.1)
                  00008864    00000008     (.tramp.ti_sysbios_knl_Semaphore_destruct.1)
                  0000886c    00000008     (.tramp.ti_sysbios_knl_Swi_destruct.1)
                  00008874    00000008     (.tramp.ti_sysbios_family_arm_m3_Hwi_destruct.1)
                  0000887c    00000008     (.tramp.ti_sysbios_knl_Task_sleep__E.1)
                  00008884    00000008     (.tramp.ti_sysbios_knl_Clock_scheduleNextTick__E.1)
                  0000888c    00000008     (.tramp.ti_sysbios_knl_Clock_walkQueueDynamic__E.1)
                  00008894    00000008     (.tramp.ti_sysbios_knl_Clock_TimerProxy_getCurrentTick__E.1)
                  0000889c    00000008     (.tramp.ti_sysbios_knl_Semaphore_post__E.1)
                  000088a4    00000008     (.tramp.ti_sysbios_family_arm_m3_Hwi_disableInterrupt__E.1)
                  000088ac    00000008     (.tramp.ti_sysbios_family_arm_m3_Hwi_enableInterrupt__E.1)
                  000088b4    00000008     (.tramp.ti_sysbios_BIOS_getCpuFreq__E.1)
                  000088bc    00000008     (.tramp.ti_sysbios_knl_Swi_post__E.1)
                  000088c4    00000008     (.tramp.ti_sysbios_knl_Semaphore_pend__E.1)
                  000088cc    00000008     (.tramp.ti_sysbios_knl_Clock_construct.1)
                  000088d4    00000008     (.tramp.ti_sysbios_knl_Clock_Params__init__S.1)
                  000088dc    00000008     (.tramp.xdc_runtime_System_abortSpin__E.1)
                  000088e4    00000008     (.tramp.ti_sysbios_knl_Swi_construct.1)
                  000088ec    00000008     (.tramp.ti_sysbios_knl_Swi_Params__init__S.1)
                  000088f4    00000008     (.tramp.ti_sysbios_family_arm_m3_Hwi_construct.1)
                  000088fc    00000008     (.tramp.ti_sysbios_family_arm_m3_Hwi_Params__init__S.1)
                  00008904    00000008     (.tramp.ti_sysbios_knl_Semaphore_construct.1)
                  0000890c    00000008     (.tramp.ti_sysbios_knl_Semaphore_Params__init__S.1)
                  00008914    00000008     (.tramp.ti_sysbios_knl_Task_restore__E.1)
                  0000891c    00000008     (.tramp.ti_sysbios_knl_Swi_restore__E.1)
                  00008924    00000008     (.tramp.ti_sysbios_knl_Swi_disable__E.1)
                  0000892c    00000008     (.tramp.ti_sysbios_knl_Task_disable__E.1)
                  00008934    00000008     (.tramp.ti_sysbios_knl_Clock_start__E.1)
                  0000893c    00000008     (.tramp.ti_sysbios_knl_Clock_setTimeout__E.1)
                  00008944    00000008     (.tramp.ti_sysbios_family_arm_m3_Hwi_restoreFxn__E.1)
                  0000894c    00000008     (.tramp.ti_sysbios_family_arm_m3_Hwi_disableFxn__E.1)

.cinit     0    00008958    000002e0     
                  00008958    000001a6     (.cinit..data.load) [load image, compression = lzss]
                  00008afe    00000028     (.cinit..data:ti_sysbios_family_arm_m3_Hwi_Module__state__V.load) [load image, compression = lzss]
                  00008b26    00000021     (.cinit..data:ti_sysbios_knl_Task_Module__state__V.load) [load image, compression = lzss]
                  00008b47    0000001f     (.cinit..data:ti_sysbios_BIOS_Module__state__V.load) [load image, compression = lzss]
                  00008b66    0000001d     (.cinit..data:ti_sysbios_knl_Clock_Module__state__V.load) [load image, compression = lzss]
                  00008b83    00000010     (.cinit..data:ti_sysbios_knl_Swi_Module__state__V.load) [load image, compression = lzss]
                  00008b93    00000001     --HOLE-- [fill = 0]
                  00008b94    0000000c     (__TI_handler_table)
                  00008ba0    0000000b     (.cinit..data:ti_sysbios_family_arm_cc26xx_Timer_Module__state__V.load) [load image, compression = lzss]
                  00008bab    0000000b     (.cinit..data:xdc_runtime_System_Module__state__V.load) [load image, compression = lzss]
                  00008bb6    00000002     --HOLE-- [fill = 0]
                  00008bb8    00000008     (.cinit..bss.load) [load image, compression = zero_init]
                  00008bc0    00000008     (.cinit..data:xdc_runtime_Memory_Module__state__V.load) [load image, compression = lzss]
                  00008bc8    00000007     (.cinit..data:ti_sysbios_family_arm_cc26xx_TimestampProvider_Module__state__V.load) [load image, compression = lzss]
                  00008bcf    00000007     (.cinit..data:xdc_runtime_Startup_Module__state__V.load) [load image, compression = lzss]
                  00008bd6    00000002     --HOLE-- [fill = 0]
                  00008bd8    00000060     (__TI_cinit_table)

.init_array 
*          0    00000000    00000000     UNINITIALIZED

.ccfg      0    0001ffa8    00000058     
                  0001ffa8    00000058     ccfg.obj (.ccfg:retain)

.const:ti_sysbios_knl_Task_Object__PARAMS__C 
*          0    00001000    0000003c     
                  00001000    0000003c     uartecho_pem3.oem3 (.const:ti_sysbios_knl_Task_Object__PARAMS__C)

.const:ti_sysbios_knl_Mailbox_Object__PARAMS__C 
*          0    0000103c    00000034     
                  0000103c    00000034     uartecho_pem3.oem3 (.const:ti_sysbios_knl_Mailbox_Object__PARAMS__C)

.const:ti_sysbios_family_arm_m3_Hwi_Object__PARAMS__C 
*          0    00001070    00000030     
                  00001070    00000030     uartecho_pem3.oem3 (.const:ti_sysbios_family_arm_m3_Hwi_Object__PARAMS__C)

.const:ti_sysbios_hal_Hwi_Object__PARAMS__C 
*          0    000010a0    0000002c     
                  000010a0    0000002c     uartecho_pem3.oem3 (.const:ti_sysbios_hal_Hwi_Object__PARAMS__C)

.const:ti_sysbios_heaps_HeapMem_Module__FXNS__C 
*          0    000010cc    00000028     
                  000010cc    00000028     uartecho_pem3.oem3 (.const:ti_sysbios_heaps_HeapMem_Module__FXNS__C)

.const:ti_sysbios_knl_Swi_Object__PARAMS__C 
*          0    000010f4    00000028     
                  000010f4    00000028     uartecho_pem3.oem3 (.const:ti_sysbios_knl_Swi_Object__PARAMS__C)

.const:ti_sysbios_gates_GateHwi_Module__FXNS__C 
*          0    0000111c    00000024     
                  0000111c    00000024     uartecho_pem3.oem3 (.const:ti_sysbios_gates_GateHwi_Module__FXNS__C)

.const:ti_sysbios_gates_GateMutex_Module__FXNS__C 
*          0    00001140    00000024     
                  00001140    00000024     uartecho_pem3.oem3 (.const:ti_sysbios_gates_GateMutex_Module__FXNS__C)

.const:ti_sysbios_heaps_HeapMem_Object__PARAMS__C 
*          0    00001164    00000024     
                  00001164    00000024     uartecho_pem3.oem3 (.const:ti_sysbios_heaps_HeapMem_Object__PARAMS__C)

.const:ti_sysbios_knl_Clock_Object__PARAMS__C 
*          0    00001188    00000024     
                  00001188    00000024     uartecho_pem3.oem3 (.const:ti_sysbios_knl_Clock_Object__PARAMS__C)

.const:ti_sysbios_knl_Semaphore_Object__PARAMS__C 
*          0    000011ac    00000024     
                  000011ac    00000024     uartecho_pem3.oem3 (.const:ti_sysbios_knl_Semaphore_Object__PARAMS__C)

.const:ti_sysbios_family_arm_m3_Hwi_Object__DESC__C 
*          0    000011d0    00000020     
                  000011d0    00000020     uartecho_pem3.oem3 (.const:ti_sysbios_family_arm_m3_Hwi_Object__DESC__C)

.const:ti_sysbios_gates_GateHwi_Object__DESC__C 
*          0    000011f0    00000020     
                  000011f0    00000020     uartecho_pem3.oem3 (.const:ti_sysbios_gates_GateHwi_Object__DESC__C)

.const:ti_sysbios_gates_GateMutex_Object__DESC__C 
*          0    00001210    00000020     
                  00001210    00000020     uartecho_pem3.oem3 (.const:ti_sysbios_gates_GateMutex_Object__DESC__C)

.const:ti_sysbios_hal_Hwi_Object__DESC__C 
*          0    00001230    00000020     
                  00001230    00000020     uartecho_pem3.oem3 (.const:ti_sysbios_hal_Hwi_Object__DESC__C)

.const:ti_sysbios_heaps_HeapMem_Object__DESC__C 
*          0    00001250    00000020     
                  00001250    00000020     uartecho_pem3.oem3 (.const:ti_sysbios_heaps_HeapMem_Object__DESC__C)

.const:ti_sysbios_knl_Clock_Object__DESC__C 
*          0    00001270    00000020     
                  00001270    00000020     uartecho_pem3.oem3 (.const:ti_sysbios_knl_Clock_Object__DESC__C)

.const:ti_sysbios_knl_Mailbox_Object__DESC__C 
*          0    00001290    00000020     
                  00001290    00000020     uartecho_pem3.oem3 (.const:ti_sysbios_knl_Mailbox_Object__DESC__C)

.const:ti_sysbios_knl_Queue_Object__DESC__C 
*          0    000012b0    00000020     
                  000012b0    00000020     uartecho_pem3.oem3 (.const:ti_sysbios_knl_Queue_Object__DESC__C)

.const:ti_sysbios_knl_Semaphore_Object__DESC__C 
*          0    000012d0    00000020     
                  000012d0    00000020     uartecho_pem3.oem3 (.const:ti_sysbios_knl_Semaphore_Object__DESC__C)

.const:ti_sysbios_knl_Swi_Object__DESC__C 
*          0    000012f0    00000020     
                  000012f0    00000020     uartecho_pem3.oem3 (.const:ti_sysbios_knl_Swi_Object__DESC__C)

.const:ti_sysbios_knl_Task_Object__DESC__C 
*          0    00001310    00000020     
                  00001310    00000020     uartecho_pem3.oem3 (.const:ti_sysbios_knl_Task_Object__DESC__C)

.const:ti_sysbios_gates_GateHwi_Object__PARAMS__C 
*          0    00001330    00000018     
                  00001330    00000018     uartecho_pem3.oem3 (.const:ti_sysbios_gates_GateHwi_Object__PARAMS__C)

.const:ti_sysbios_gates_GateMutex_Object__PARAMS__C 
*          0    00001348    00000018     
                  00001348    00000018     uartecho_pem3.oem3 (.const:ti_sysbios_gates_GateMutex_Object__PARAMS__C)

.const:ti_sysbios_knl_Queue_Object__PARAMS__C 
*          0    00001360    00000018     
                  00001360    00000018     uartecho_pem3.oem3 (.const:ti_sysbios_knl_Queue_Object__PARAMS__C)

.const:ti_sysbios_knl_Idle_funcList__C 
*          0    00001378    00000008     
                  00001378    00000008     uartecho_pem3.oem3 (.const:ti_sysbios_knl_Idle_funcList__C)

.const:ti_sysbios_family_arm_cc26xx_Timer_startupNeeded__C 
*          0    00001384    00000004     
                  00001384    00000004     uartecho_pem3.oem3 (.const:ti_sysbios_family_arm_cc26xx_Timer_startupNeeded__C)

.const:ti_sysbios_family_arm_m3_Hwi_E_alreadyDefined__C 
*          0    00001388    00000004     
                  00001388    00000004     uartecho_pem3.oem3 (.const:ti_sysbios_family_arm_m3_Hwi_E_alreadyDefined__C)

.const:ti_sysbios_family_arm_m3_Hwi_E_hwiLimitExceeded__C 
*          0    0000138c    00000004     
                  0000138c    00000004     uartecho_pem3.oem3 (.const:ti_sysbios_family_arm_m3_Hwi_E_hwiLimitExceeded__C)

.const:ti_sysbios_family_arm_m3_Hwi_NUM_INTERRUPTS__C 
*          0    00001390    00000004     
                  00001390    00000004     uartecho_pem3.oem3 (.const:ti_sysbios_family_arm_m3_Hwi_NUM_INTERRUPTS__C)

.const:ti_sysbios_family_arm_m3_Hwi_Object__count__C 
*          0    00001394    00000004     
                  00001394    00000004     uartecho_pem3.oem3 (.const:ti_sysbios_family_arm_m3_Hwi_Object__count__C)

.const:ti_sysbios_family_arm_m3_Hwi_Object__table__C 
*          0    00001398    00000004     
                  00001398    00000004     uartecho_pem3.oem3 (.const:ti_sysbios_family_arm_m3_Hwi_Object__table__C)

.const:ti_sysbios_family_arm_m3_Hwi_ccr__C 
*          0    0000139c    00000004     
                  0000139c    00000004     uartecho_pem3.oem3 (.const:ti_sysbios_family_arm_m3_Hwi_ccr__C)

.const:ti_sysbios_family_arm_m3_Hwi_excHandlerFunc__C 
*          0    000013a0    00000004     
                  000013a0    00000004     uartecho_pem3.oem3 (.const:ti_sysbios_family_arm_m3_Hwi_excHandlerFunc__C)

.const:ti_sysbios_family_arm_m3_Hwi_nullIsrFunc__C 
*          0    000013a4    00000004     
                  000013a4    00000004     uartecho_pem3.oem3 (.const:ti_sysbios_family_arm_m3_Hwi_nullIsrFunc__C)

.const:ti_sysbios_family_arm_m3_Hwi_numSparseInterrupts__C 
*          0    000013a8    00000004     
                  000013a8    00000004     uartecho_pem3.oem3 (.const:ti_sysbios_family_arm_m3_Hwi_numSparseInterrupts__C)

.const:ti_sysbios_family_arm_m3_Hwi_priGroup__C 
*          0    000013ac    00000004     
                  000013ac    00000004     uartecho_pem3.oem3 (.const:ti_sysbios_family_arm_m3_Hwi_priGroup__C)

.const:ti_sysbios_family_arm_m3_TaskSupport_stackAlignment__C 
*          0    000013b0    00000004     
                  000013b0    00000004     uartecho_pem3.oem3 (.const:ti_sysbios_family_arm_m3_TaskSupport_stackAlignment__C)

.const:ti_sysbios_heaps_HeapMem_E_memory__C 
*          0    000013b4    00000004     
                  000013b4    00000004     uartecho_pem3.oem3 (.const:ti_sysbios_heaps_HeapMem_E_memory__C)

.const:ti_sysbios_heaps_HeapMem_Module__gateObj__C 
*          0    000013b8    00000004     
                  000013b8    00000004     uartecho_pem3.oem3 (.const:ti_sysbios_heaps_HeapMem_Module__gateObj__C)

.const:ti_sysbios_heaps_HeapMem_Object__count__C 
*          0    000013bc    00000004     
                  000013bc    00000004     uartecho_pem3.oem3 (.const:ti_sysbios_heaps_HeapMem_Object__count__C)

.const:ti_sysbios_heaps_HeapMem_Object__table__C 
*          0    000013c0    00000004     
                  000013c0    00000004     uartecho_pem3.oem3 (.const:ti_sysbios_heaps_HeapMem_Object__table__C)

.const:ti_sysbios_heaps_HeapMem_reqAlign__C 
*          0    000013c4    00000004     
                  000013c4    00000004     uartecho_pem3.oem3 (.const:ti_sysbios_heaps_HeapMem_reqAlign__C)

.const:ti_sysbios_knl_Clock_serviceMargin__C 
*          0    000013c8    00000004     
                  000013c8    00000004     uartecho_pem3.oem3 (.const:ti_sysbios_knl_Clock_serviceMargin__C)

.const:ti_sysbios_knl_Mailbox_Object__count__C 
*          0    000013cc    00000004     
                  000013cc    00000004     uartecho_pem3.oem3 (.const:ti_sysbios_knl_Mailbox_Object__count__C)

.const:ti_sysbios_knl_Mailbox_Object__table__C 
*          0    000013d0    00000004     
                  000013d0    00000004     uartecho_pem3.oem3 (.const:ti_sysbios_knl_Mailbox_Object__table__C)

.const:ti_sysbios_knl_Mailbox_maxTypeAlign__C 
*          0    000013d4    00000004     
                  000013d4    00000004     uartecho_pem3.oem3 (.const:ti_sysbios_knl_Mailbox_maxTypeAlign__C)

.const:ti_sysbios_knl_Queue_Object__count__C 
*          0    000013d8    00000004     
                  000013d8    00000004     uartecho_pem3.oem3 (.const:ti_sysbios_knl_Queue_Object__count__C)

.const:ti_sysbios_knl_Queue_Object__table__C 
*          0    000013dc    00000004     
                  000013dc    00000004     uartecho_pem3.oem3 (.const:ti_sysbios_knl_Queue_Object__table__C)

.const:ti_sysbios_knl_Swi_Object__count__C 
*          0    000013e0    00000004     
                  000013e0    00000004     uartecho_pem3.oem3 (.const:ti_sysbios_knl_Swi_Object__count__C)

.const:ti_sysbios_knl_Swi_Object__table__C 
*          0    000013e4    00000004     
                  000013e4    00000004     uartecho_pem3.oem3 (.const:ti_sysbios_knl_Swi_Object__table__C)

.const:ti_sysbios_knl_Swi_numPriorities__C 
*          0    000013e8    00000004     
                  000013e8    00000004     uartecho_pem3.oem3 (.const:ti_sysbios_knl_Swi_numPriorities__C)

.const:ti_sysbios_knl_Task_Object__count__C 
*          0    000013ec    00000004     
                  000013ec    00000004     uartecho_pem3.oem3 (.const:ti_sysbios_knl_Task_Object__count__C)

.const:ti_sysbios_knl_Task_Object__table__C 
*          0    000013f0    00000004     
                  000013f0    00000004     uartecho_pem3.oem3 (.const:ti_sysbios_knl_Task_Object__table__C)

.const:ti_sysbios_knl_Task_allBlockedFunc__C 
*          0    000013f4    00000004     
                  000013f4    00000004     uartecho_pem3.oem3 (.const:ti_sysbios_knl_Task_allBlockedFunc__C)

.const:ti_sysbios_knl_Task_defaultStackHeap__C 
*          0    000013f8    00000004     
                  000013f8    00000004     uartecho_pem3.oem3 (.const:ti_sysbios_knl_Task_defaultStackHeap__C)

.const:ti_sysbios_knl_Task_defaultStackSize__C 
*          0    000013fc    00000004     
                  000013fc    00000004     uartecho_pem3.oem3 (.const:ti_sysbios_knl_Task_defaultStackSize__C)

.const:ti_sysbios_knl_Task_numConstructedTasks__C 
*          0    00001400    00000004     
                  00001400    00000004     uartecho_pem3.oem3 (.const:ti_sysbios_knl_Task_numConstructedTasks__C)

.const:ti_sysbios_family_arm_cc26xx_Timer_Module__id__C 
*          0    00001406    00000002     
                  00001406    00000002     uartecho_pem3.oem3 (.const:ti_sysbios_family_arm_cc26xx_Timer_Module__id__C)

.const:ti_sysbios_family_arm_cc26xx_TimestampProvider_useClockTimer__C 
*          0    00001408    00000002     
                  00001408    00000002     uartecho_pem3.oem3 (.const:ti_sysbios_family_arm_cc26xx_TimestampProvider_useClockTimer__C)

.const:ti_sysbios_family_arm_m3_Hwi_Module__id__C 
*          0    0000140a    00000002     
                  0000140a    00000002     uartecho_pem3.oem3 (.const:ti_sysbios_family_arm_m3_Hwi_Module__id__C)

.const:ti_sysbios_gates_GateHwi_Module__id__C 
*          0    0000140c    00000002     
                  0000140c    00000002     uartecho_pem3.oem3 (.const:ti_sysbios_gates_GateHwi_Module__id__C)

.const:ti_sysbios_gates_GateMutex_Module__id__C 
*          0    0000140e    00000002     
                  0000140e    00000002     uartecho_pem3.oem3 (.const:ti_sysbios_gates_GateMutex_Module__id__C)

.const:ti_sysbios_heaps_HeapMem_Module__id__C 
*          0    00001410    00000002     
                  00001410    00000002     uartecho_pem3.oem3 (.const:ti_sysbios_heaps_HeapMem_Module__id__C)

.const:ti_sysbios_knl_Task_initStackFlag__C 
*          0    00001412    00000002     
                  00001412    00000002     uartecho_pem3.oem3 (.const:ti_sysbios_knl_Task_initStackFlag__C)

.const:ti_sysbios_knl_Clock_tickMode__C 
*          0    00001414    00000001     
                  00001414    00000001     uartecho_pem3.oem3 (.const:ti_sysbios_knl_Clock_tickMode__C)

.const:xdc_runtime_Startup_firstFxns__C 
*          0    00001418    00000008     
                  00001418    00000008     uartecho_pem3.oem3 (.const:xdc_runtime_Startup_firstFxns__C)

.const:xdc_runtime_Startup_lastFxns__C 
*          0    00001420    00000008     
                  00001420    00000008     uartecho_pem3.oem3 (.const:xdc_runtime_Startup_lastFxns__C)

.const:xdc_runtime_Assert_E_assertFailed__C 
*          0    00001428    00000004     
                  00001428    00000004     uartecho_pem3.oem3 (.const:xdc_runtime_Assert_E_assertFailed__C)

.const:xdc_runtime_Error_E_memory__C 
*          0    0000142c    00000004     
                  0000142c    00000004     uartecho_pem3.oem3 (.const:xdc_runtime_Error_E_memory__C)

.const:xdc_runtime_Error_policyFxn__C 
*          0    00001430    00000004     
                  00001430    00000004     uartecho_pem3.oem3 (.const:xdc_runtime_Error_policyFxn__C)

.const:xdc_runtime_IGateProvider_Interface__BASE__C 
*          0    00001434    00000004     
                  00001434    00000004     uartecho_pem3.oem3 (.const:xdc_runtime_IGateProvider_Interface__BASE__C)

.const:xdc_runtime_IHeap_Interface__BASE__C 
*          0    00001438    00000004     
                  00001438    00000004     uartecho_pem3.oem3 (.const:xdc_runtime_IHeap_Interface__BASE__C)

.const:xdc_runtime_IModule_Interface__BASE__C 
*          0    0000143c    00000004     
                  0000143c    00000004     uartecho_pem3.oem3 (.const:xdc_runtime_IModule_Interface__BASE__C)

.const:xdc_runtime_Main_Module__diagsEnabled__C 
*          0    00001440    00000004     
                  00001440    00000004     uartecho_pem3.oem3 (.const:xdc_runtime_Main_Module__diagsEnabled__C)

.const:xdc_runtime_Main_Module__diagsIncluded__C 
*          0    00001444    00000004     
                  00001444    00000004     uartecho_pem3.oem3 (.const:xdc_runtime_Main_Module__diagsIncluded__C)

.const:xdc_runtime_Main_Module__diagsMask__C 
*          0    00001448    00000004     
                  00001448    00000004     uartecho_pem3.oem3 (.const:xdc_runtime_Main_Module__diagsMask__C)

.const:xdc_runtime_Memory_defaultHeapInstance__C 
*          0    0000144c    00000004     
                  0000144c    00000004     uartecho_pem3.oem3 (.const:xdc_runtime_Memory_defaultHeapInstance__C)

.const:xdc_runtime_Startup_execImpl__C 
*          0    00001450    00000004     
                  00001450    00000004     uartecho_pem3.oem3 (.const:xdc_runtime_Startup_execImpl__C)

.const:xdc_runtime_Startup_maxPasses__C 
*          0    00001454    00000004     
                  00001454    00000004     uartecho_pem3.oem3 (.const:xdc_runtime_Startup_maxPasses__C)

.const:xdc_runtime_Startup_sfxnRts__C 
*          0    00001458    00000004     
                  00001458    00000004     uartecho_pem3.oem3 (.const:xdc_runtime_Startup_sfxnRts__C)

.const:xdc_runtime_Startup_sfxnTab__C 
*          0    0000145c    00000004     
                  0000145c    00000004     uartecho_pem3.oem3 (.const:xdc_runtime_Startup_sfxnTab__C)

.const:xdc_runtime_Startup_startModsFxn__C 
*          0    00001460    00000004     
                  00001460    00000004     uartecho_pem3.oem3 (.const:xdc_runtime_Startup_startModsFxn__C)

.const:xdc_runtime_SysCallback_abortFxn__C 
*          0    00001464    00000004     
                  00001464    00000004     uartecho_pem3.oem3 (.const:xdc_runtime_SysCallback_abortFxn__C)

.const:xdc_runtime_SysCallback_exitFxn__C 
*          0    00001468    00000004     
                  00001468    00000004     uartecho_pem3.oem3 (.const:xdc_runtime_SysCallback_exitFxn__C)

.const:xdc_runtime_System_abortFxn__C 
*          0    0000146c    00000004     
                  0000146c    00000004     uartecho_pem3.oem3 (.const:xdc_runtime_System_abortFxn__C)

.const:xdc_runtime_System_exitFxn__C 
*          0    00001470    00000004     
                  00001470    00000004     uartecho_pem3.oem3 (.const:xdc_runtime_System_exitFxn__C)

.const:xdc_runtime_System_maxAtexitHandlers__C 
*          0    00001474    00000004     
                  00001474    00000004     uartecho_pem3.oem3 (.const:xdc_runtime_System_maxAtexitHandlers__C)

.const:xdc_runtime_Text_charTab__C 
*          0    00001478    00000004     
                  00001478    00000004     uartecho_pem3.oem3 (.const:xdc_runtime_Text_charTab__C)

.const:xdc_runtime_Text_nameEmpty__C 
*          0    0000147c    00000004     
                  0000147c    00000004     uartecho_pem3.oem3 (.const:xdc_runtime_Text_nameEmpty__C)

.const:xdc_runtime_Text_nameStatic__C 
*          0    00001480    00000004     
                  00001480    00000004     uartecho_pem3.oem3 (.const:xdc_runtime_Text_nameStatic__C)

.const:xdc_runtime_Text_nameUnknown__C 
*          0    00001484    00000004     
                  00001484    00000004     uartecho_pem3.oem3 (.const:xdc_runtime_Text_nameUnknown__C)

.const:xdc_runtime_Main_Module__id__C 
*          0    00001488    00000002     
                  00001488    00000002     uartecho_pem3.oem3 (.const:xdc_runtime_Main_Module__id__C)

.const:xdc_runtime_Memory_Module__id__C 
*          0    0000148a    00000002     
                  0000148a    00000002     uartecho_pem3.oem3 (.const:xdc_runtime_Memory_Module__id__C)

.const:xdc_runtime_Text_charCnt__C 
*          0    0000148c    00000002     
                  0000148c    00000002     uartecho_pem3.oem3 (.const:xdc_runtime_Text_charCnt__C)

.const:xdc_runtime_Text_isLoaded__C 
*          0    0000148e    00000002     
                  0000148e    00000002     uartecho_pem3.oem3 (.const:xdc_runtime_Text_isLoaded__C)

.const:ti_sysbios_rom_ROM_AONRTCChannelEnable 
*          0    00001494    00000004     
                  00001494    00000004     uartecho_pem3.oem3 (.const:ti_sysbios_rom_ROM_AONRTCChannelEnable)

.const:ti_sysbios_rom_ROM_AONRTCCompareValueSet 
*          0    00001498    00000004     
                  00001498    00000004     uartecho_pem3.oem3 (.const:ti_sysbios_rom_ROM_AONRTCCompareValueSet)

.const:ti_sysbios_rom_ROM_AONRTCCurrentCompareValueGet 
*          0    0000149c    00000004     
                  0000149c    00000004     uartecho_pem3.oem3 (.const:ti_sysbios_rom_ROM_AONRTCCurrentCompareValueGet)

.const:ti_sysbios_rom_ROM_AONRTCEventClear 
*          0    000014a0    00000004     
                  000014a0    00000004     uartecho_pem3.oem3 (.const:ti_sysbios_rom_ROM_AONRTCEventClear)

.const:ti_sysbios_rom_ROM_ti_sysbios_family_arm_cc26xx_Timer_getCount64__E 
*          0    000014a4    00000004     
                  000014a4    00000004     uartecho_pem3.oem3 (.const:ti_sysbios_rom_ROM_ti_sysbios_family_arm_cc26xx_Timer_getCount64__E)

.const:ti_sysbios_rom_ROM_ti_sysbios_family_arm_cc26xx_Timer_getCurrentTick__E 
*          0    000014a8    00000004     
                  000014a8    00000004     uartecho_pem3.oem3 (.const:ti_sysbios_rom_ROM_ti_sysbios_family_arm_cc26xx_Timer_getCurrentTick__E)

.const:ti_sysbios_rom_ROM_ti_sysbios_family_arm_cc26xx_Timer_getMaxTicks__E 
*          0    000014ac    00000004     
                  000014ac    00000004     uartecho_pem3.oem3 (.const:ti_sysbios_rom_ROM_ti_sysbios_family_arm_cc26xx_Timer_getMaxTicks__E)

.const:ti_sysbios_rom_ROM_ti_sysbios_family_arm_cc26xx_Timer_setNextTick__E 
*          0    000014b4    00000004     
                  000014b4    00000004     uartecho_pem3.oem3 (.const:ti_sysbios_rom_ROM_ti_sysbios_family_arm_cc26xx_Timer_setNextTick__E)

.const:ti_sysbios_rom_ROM_ti_sysbios_family_arm_cc26xx_Timer_setThreshold__I 
*          0    000014b8    00000004     
                  000014b8    00000004     uartecho_pem3.oem3 (.const:ti_sysbios_rom_ROM_ti_sysbios_family_arm_cc26xx_Timer_setThreshold__I)

.const:ti_sysbios_rom_ROM_ti_sysbios_family_arm_cc26xx_Timer_start__E 
*          0    000014bc    00000004     
[...]
1001c27d  ti_sysbios_hal_Hwi_HwiProxy_disableInterrupt__E                           
1001c27d  ti_sysbios_hal_Hwi_disableInterrupt__E                                    
1001c281  ti_sysbios_hal_Hwi_HwiProxy_enableInterrupt__E                            
1001c281  ti_sysbios_hal_Hwi_enableInterrupt__E                                     
1001c285  ti_sysbios_hal_Hwi_HwiProxy_getStackInfo__E                               
1001c285  ti_sysbios_hal_Hwi_getStackInfo__E                                        
1001c289  ti_sysbios_hal_Hwi_HwiProxy_startup__E                                    
1001c289  ti_sysbios_hal_Hwi_startup__E                                             
1001c28d  ti_sysbios_hal_Hwi_HwiProxy_switchFromBootStack__E                        
1001c291  ti_sysbios_hal_Hwi_delete                                                 
1001c295  ti_sysbios_hal_Hwi_switchFromBootStack__E                                 
1001c299  ti_sysbios_heaps_HeapMem_Module_GateProxy_enter__E                        
1001c29d  ti_sysbios_heaps_HeapMem_Module_GateProxy_leave__E                        
1001c2a1  ti_sysbios_heaps_HeapMem_isBlocking__E                                    
1001c2a5  ti_sysbios_knl_Clock_TimerProxy_Module__startupDone__S                    
1001c2a9  ti_sysbios_knl_Clock_TimerProxy_getExpiredTicks__E                        
1001c2ad  ti_sysbios_knl_Clock_TimerProxy_getPeriod__E                              
1001c2b1  ti_sysbios_knl_Clock_delete                                               
1001c2b5  ti_sysbios_knl_Clock_destruct                                             
1001c2b9  ti_sysbios_knl_Clock_removeI__E                                           
1001c2bd  ti_sysbios_knl_Clock_setTimeout__E                                        
1001c2c1  ti_sysbios_knl_Mailbox_delete                                             
1001c2c5  ti_sysbios_knl_Mailbox_destruct                                           
1001c2c9  ti_sysbios_knl_Queue_delete                                               
1001c2cd  ti_sysbios_knl_Queue_destruct                                             
1001c2d1  ti_sysbios_knl_Queue_head__E                                              
1001c2d5  ti_sysbios_knl_Queue_next__E                                              
1001c2d9  ti_sysbios_knl_Semaphore_delete                                           
1001c2dd  ti_sysbios_knl_Semaphore_destruct                                         
1001c2e1  ti_sysbios_knl_Swi_delete                                                 
1001c2e5  ti_sysbios_knl_Swi_destruct                                               
1001c2e9  ti_sysbios_knl_Swi_postInit__I                                            
1001c2ed  ti_sysbios_knl_Task_SupportProxy_Module__startupDone__S                   
1001c2f1  ti_sysbios_knl_Task_SupportProxy_getStackAlignment__E                     
1001c2f5  ti_sysbios_knl_Task_SupportProxy_start__E                                 
1001c2f9  ti_sysbios_knl_Task_SupportProxy_swap__E                                  
1001c2fd  ti_sysbios_knl_Task_delete                                                
1001c301  ti_sysbios_knl_Task_destruct                                              
1001c305  ti_sysbios_knl_Task_startup__E                                            
1001c309  xdc_runtime_Startup_startMods__I                                          
1001c401  xdc_runtime_Core_createObject__I                                          
1001c483  xdc_runtime_Error_policySpin__E                                           
1001c485  xdc_runtime_Memory_alloc__E                                               
1001c4f5  xdc_runtime_Core_deleteObject__I                                          
1001c555  xdc_runtime_Startup_exec__E                                               
1001c5a5  xdc_runtime_Assert_raise__I                                               
1001c5ed  xdc_runtime_Core_assignParams__I                                          
1001c635  xdc_runtime_Core_constructObject__I                                       
1001c67d  xdc_runtime_System_atexit__E                                              
1001c6b5  xdc_runtime_System_processAtExit__E                                       
1001c6e9  xdc_runtime_Core_assignLabel__I                                           
1001c719  xdc_runtime_Text_cordText__E                                              
1001c745  xdc_runtime_System_abort__E                                               
1001c765  xdc_runtime_Error_raiseX__E                                               
1001c781  xdc_runtime_Memory_valloc__E                                              
1001c79d  xdc_runtime_Core_destructObject__I                                        
1001c7b5  xdc_runtime_Error_check__E                                                
1001c7cd  xdc_runtime_System_exit__E                                                
1001c7e5  xdc_runtime_Text_ropeText__E                                              
1001c7fd  xdc_runtime_Memory_free__E                                                
1001c80d  xdc_runtime_SysCallback_abort__E                                          
1001c81d  xdc_runtime_SysCallback_exit__E                                           
1001c82d  xdc_runtime_Timestamp_SupportProxy_get32__E                               
1001c82d  xdc_runtime_Timestamp_get32__E                                            
1001c83d  xdc_runtime_Error_init__E                                                 
1001c849  xdc_runtime_Memory_calloc__E                                              
1001c855  xdc_runtime_Memory_getMaxDefaultTypeAlign__E                              
1001c875  xdc_runtime_Gate_leaveSystem__E                                           
1001c87b  xdc_runtime_System_Module_startup__E                                      
1001c881  xdc_runtime_Gate_enterSystem__E                                           
1001c885  xdc_runtime_Memory_HeapProxy_alloc__E                                     
1001c889  xdc_runtime_Memory_HeapProxy_free__E                                      
1001c88d  xdc_runtime_System_Module_GateProxy_enter__E                              
1001c891  xdc_runtime_System_Module_GateProxy_leave__E                              
1001c895  xdc_runtime_System_abortSpin__E                                           
1001c897  xdc_runtime_System_exitSpin__E                                            
1001c899  ti_sysbios_family_arm_m3_Hwi_dispatch__I                                  
1001c969  ti_sysbios_family_arm_m3_TaskSupport_buildTaskStack                       
1001c9b5  ti_sysbios_family_arm_m3_Hwi_initStacks__E                                
1001c9fd  ti_sysbios_family_arm_m3_Hwi_excHandlerAsm__I                             
1001ca1d  ti_sysbios_family_xxx_Hwi_switchAndRunFunc                                
1001ca3b  ti_sysbios_family_arm_m3_Hwi_pendSV__I                                    
1001ca53  ti_sysbios_family_arm_m3_Hwi_return                                       
1001ca55  ti_sysbios_family_arm_m3_TaskSupport_glue                                 
1001ca65  ti_sysbios_family_arm_m3_TaskSupport_swap__E                              
1001ca6d  ti_sysbios_knl_Task_swapReturn                                            
1001ca97  ti_sysbios_rom_cortexm_cc13xx_CC13xx_getRevision__E                       
20000000  ti_sysbios_family_arm_m3_Hwi_ramVectors                                   
20000100  ti_sysbios_knl_Task_Module__state__V                                      
20000144  ti_sysbios_family_arm_m3_Hwi_Module__state__V                             
20000178  ti_sysbios_knl_Clock_Module__state__V                                     
200001a4  ti_sysbios_BIOS_Module__state__V                                          
200001c8  ti_sysbios_knl_Swi_Module__state__V                                       
200001e4  ti_sysbios_family_arm_cc26xx_Timer_Module__state__V                       
200001ec  ti_sysbios_family_arm_cc26xx_TimestampProvider_Module__state__V           
200001f0  xdc_runtime_Startup_Module__state__V                                      
200001f8  xdc_runtime_System_Module__state__V                                       
20000200  xdc_runtime_Memory_Module__state__V                                       
20000208  radioTask0Stack                                                           
20000608  sensorTask0Stack                                                          
20000a08  task0Stack                                                                
20000e08  ti_sysbios_heaps_HeapMem_Instance_State_0_buf__A                          
20001208  ti_sysbios_knl_Task_Instance_State_0_stack__A                             
20001408  uartCC26XXObjects                                                         
20001534  __CIOBUF_                                                                 
20001654  gptimerCC26XXObjects                                                      
20001878  pwmtimerCC26xxObjects                                                     
20001978  i2cCC26xxObjects                                                          
20001a58  ti_sysbios_family_arm_m3_Hwi_dispatchTable                                
20001be0  xdc_runtime_SysMin_Module_State_0_outbuf__A                               
20001c60  PIN_HandleTable                                                           
20001cdc  radioTask0Struct                                                          
20001d2c  sensorTask0Struct                                                         
20001d7c  task0Struct                                                               
20001e8c  _BME280_calib                                                             
20001eb0  brightDataParams                                                          
20001ed4  pressDataParams                                                           
20001ef8  tempDataParams                                                            
20001f1c  uartParams                                                                
20001f40  unlockSensorsParams                                                       
20001fa4  uartCC26XXRingBuffer                                                      
20001ffc  brightDataStruct                                                          
20002050  i2c_BH1750_Transaction                                                    
2000206c  i2c_BME280_Transaction                                                    
20002088  i2c_TMP007_Transaction                                                    
200020a4  pressDataStruct                                                           
200020c0  tempDataStruct                                                            
200020dc  unlockSensorsStruct                                                       
2000214c  PressSensor                                                               
2000215c  i2cParams                                                                 
20002178  TempSensor                                                                
200021a6  BrightSensor                                                              
200021aa  bwmSystemStatus                                                           
200021ac  PIN_NumPins                                                               
200021b4  brightDataHandle                                                          
200021bc  i2c                                                                       
200021d4  pressDataHandle                                                           
200021d8  rxBH1750_Buffer                                                           
200021dc  rxBME280_Buffer                                                           
200021e0  rxTMP007_Buffer                                                           
200021e4  t_fine                                                                    
200021e8  tempDataHandle                                                            
200021ec  txBH1750_Buffer                                                           
200021f0  txBME280_Buffer                                                           
200021f4  txTMP007_Buffer                                                           
200021f8  uart                                                                      
200021fc  unlockSensorsHandle                                                       
20002208  driverlib_release_0_47020                                                 
20002210  PowerCC26XX_module                                                        
20002378  ti_sysbios_knl_Task_Object__table__V                                      
200023c8  ti_sysbios_family_arm_cc26xx_Timer_Object__table__V                       
20002410  ti_sysbios_gates_GateMutex_Object__table__V                               
20002448  ti_sysbios_knl_Swi_Module_State_0_readyQ__A                               
20002478  ti_sysbios_knl_Swi_Object__table__V                                       
200024a8  RF_cmdPropRadioDivSetup                                                   
200024d0  ti_sysbios_knl_Clock_Object__table__V                                     
200024f0  ti_sysbios_knl_Task_Module_State_0_readyQ__A                              
20002510  RF_cmdFs                                                                  
20002528  RF_cmdPropTx                                                              
20002540  ti_sysbios_family_arm_m3_Hwi_Object__table__V                             
20002558  ti_sysbios_heaps_HeapMem_Object__table__V                                 
20002570  RF_prop                                                                   
20002580  ledPinTable                                                               
2000258c  xdc_runtime_SysMin_Module__state__V                                       
20002598  _lock                                                                     
2000259c  _unlock                                                                   
200025a0  ti_sysbios_family_arm_m3_Hwi_Module__root__V                              
200025a8  ti_sysbios_gates_GateHwi_Module__root__V                                  
200025b0  ti_sysbios_gates_GateMutex_Module__root__V                                
200025b8  ti_sysbios_hal_Hwi_Module__root__V                                        
200025c0  ti_sysbios_heaps_HeapMem_Module__root__V                                  
200025c8  ti_sysbios_knl_Clock_Module__root__V                                      
200025d0  ti_sysbios_knl_Mailbox_Module__root__V                                    
200025d8  ti_sysbios_knl_Queue_Module__root__V                                      
200025e0  ti_sysbios_knl_Semaphore_Module__root__V                                  
200025e8  ti_sysbios_knl_Swi_Module__root__V                                        
200025f0  ti_sysbios_knl_Task_Module__root__V                                       
200025f8  xdc_runtime_System_Module_State_0_atexitHandlers__A                       
20002610  main_func_sp                                                              
20002614  ti_sysbios_family_arm_m3_Hwi_Module_State_0_excContext__A                 
20002618  ti_sysbios_family_arm_m3_Hwi_Module_State_0_excStack__A                   
2000261c  ti_sysbios_knl_Task_Module_State_0_idleTask__A                            
20002622  ti_sysbios_family_arm_m3_Hwi_Module_State_0_excActive__A                  
20004d00  __stack                                                                   
20005000  __STACK_END                                                               
e000e000  ti_sysbios_family_arm_m3_Hwi_nvic                                         
ffffffff  __TI_pprof_out_hndl                                                       
ffffffff  __TI_prof_data_size                                                       
ffffffff  __TI_prof_data_start                                                      
ffffffff  __binit__                                                                 
ffffffff  __c_args__                                                                
ffffffff  binit                                                                     
UNDEFED   HwiP_restore                                                              
UNDEFED   SHT$$INIT_ARRAY$$Base                                                     
UNDEFED   SHT$$INIT_ARRAY$$Limit                                                    
UNDEFED   ti_sysbios_BIOS_RtsGateProxy_Handle__label__S__mangled__                  
UNDEFED   ti_sysbios_BIOS_RtsGateProxy_Object__delete__S__mangled__                 
UNDEFED   ti_sysbios_BIOS_RtsGateProxy_Params__init__S__mangled__                   
UNDEFED   ti_sysbios_BIOS_RtsGateProxy_query__E__mangled__                          
UNDEFED   ti_sysbios_hal_Hwi_HwiProxy_Module__startupDone__S__mangled__             
UNDEFED   ti_sysbios_hal_Hwi_HwiProxy_Object__delete__S__mangled__                  
UNDEFED   ti_sysbios_hal_Hwi_HwiProxy_Params__init__S__mangled__                    
UNDEFED   ti_sysbios_hal_Hwi_HwiProxy_disableInterrupt__E__mangled__                
UNDEFED   ti_sysbios_hal_Hwi_HwiProxy_enableInterrupt__E__mangled__                 
UNDEFED   ti_sysbios_hal_Hwi_HwiProxy_getStackInfo__E__mangled__                    
UNDEFED   ti_sysbios_hal_Hwi_HwiProxy_startup__E__mangled__                         
UNDEFED   ti_sysbios_hal_Hwi_HwiProxy_switchFromBootStack__E__mangled__             
UNDEFED   ti_sysbios_hal_Hwi_disableInterrupt__E                                    
UNDEFED   ti_sysbios_hal_Hwi_enableInterrupt__E                                     
UNDEFED   ti_sysbios_hal_Hwi_getStackInfo__E                                        
UNDEFED   ti_sysbios_hal_Hwi_startup__E                                             
UNDEFED   ti_sysbios_hal_Hwi_switchFromBootStack__E                                 
UNDEFED   ti_sysbios_heaps_HeapMem_Module_GateProxy_Handle__label__S__mangled__     
UNDEFED   ti_sysbios_heaps_HeapMem_Module_GateProxy_Object__delete__S__mangled__    
UNDEFED   ti_sysbios_heaps_HeapMem_Module_GateProxy_Params__init__S__mangled__      
UNDEFED   ti_sysbios_heaps_HeapMem_Module_GateProxy_query__E__mangled__             
UNDEFED   ti_sysbios_knl_Clock_TimerProxy_Module__startupDone__S__mangled__         
UNDEFED   ti_sysbios_knl_Clock_TimerProxy_startup__E__mangled__                     
UNDEFED   ti_sysbios_knl_Task_SupportProxy_Module__startupDone__S__mangled__        
UNDEFED   ti_sysbios_knl_Task_SupportProxy_getStackAlignment__E__mangled__          
UNDEFED   ti_sysbios_knl_Task_SupportProxy_start__E__mangled__                      
UNDEFED   ti_sysbios_knl_Task_SupportProxy_swap__E__mangled__                       
UNDEFED   xdc_runtime_Main_Module_GateProxy_Handle__label__S                        
UNDEFED   xdc_runtime_Main_Module_GateProxy_Object__delete__S                       
UNDEFED   xdc_runtime_Main_Module_GateProxy_query__E                                
UNDEFED   xdc_runtime_Memory_HeapProxy_Handle__label__S__mangled__                  
UNDEFED   xdc_runtime_Memory_HeapProxy_Object__delete__S__mangled__                 
UNDEFED   xdc_runtime_System_Module_GateProxy_Handle__label__S__mangled__           
UNDEFED   xdc_runtime_System_Module_GateProxy_Object__delete__S__mangled__          
UNDEFED   xdc_runtime_System_Module_GateProxy_query__E__mangled__                   
UNDEFED   xdc_runtime_Timestamp_SupportProxy_get64__E__mangled__                    
UNDEFED   xdc_runtime_Timestamp_SupportProxy_getFreq__E__mangled__                  
UNDEFED   xdc_runtime_Timestamp_get32__E                                            
UNDEFED   xdc_runtime_Timestamp_get64__E                                            
UNDEFED   xdc_runtime_Timestamp_getFreq__E                                          

[877 symbols]
